Component: ARM Compiler 5.06 update 4 (build 422) Tool: armlink [4d35d2]

==============================================================================

Section Cross References

    main.o(i.advertising_init) refers to rt_memclr_w.o(.text) for __aeabi_memclr4
    main.o(i.advertising_init) refers to ble_advertising.o(i.ble_advertising_init) for ble_advertising_init
    main.o(i.advertising_init) refers to app_error.o(i.app_error_handler) for app_error_handler
    main.o(i.advertising_init) refers to main.o(.data) for m_adv_uuids
    main.o(i.advertising_init) refers to main.o(i.on_adv_evt) for on_adv_evt
    main.o(i.advertising_start) refers to ble_advertising.o(i.ble_advertising_start) for ble_advertising_start
    main.o(i.advertising_start) refers to app_error.o(i.app_error_handler) for app_error_handler
    main.o(i.application_timers_start) refers to app_timer.o(i.app_timer_start) for app_timer_start
    main.o(i.application_timers_start) refers to app_error.o(i.app_error_handler) for app_error_handler
    main.o(i.application_timers_start) refers to main.o(.constdata) for m_battery_timer_id
    main.o(i.assert_nrf_callback) refers to app_error.o(i.app_error_handler) for app_error_handler
    main.o(i.battery_level_meas_timeout_handler) refers to bsp.o(i.bsp_indication_set) for bsp_indication_set
    main.o(i.battery_level_meas_timeout_handler) refers to main.o(i.battery_level_update) for battery_level_update
    main.o(i.battery_level_meas_timeout_handler) refers to battery.o(i.battery_read) for battery_read
    main.o(i.battery_level_meas_timeout_handler) refers to app_timer.o(i.app_timer_stop) for app_timer_stop
    main.o(i.battery_level_meas_timeout_handler) refers to main.o(i.nrf_gpio_pin_clear) for nrf_gpio_pin_clear
    main.o(i.battery_level_meas_timeout_handler) refers to max30205.o(i.dev_max30205_uninit) for dev_max30205_uninit
    main.o(i.battery_level_meas_timeout_handler) refers to app_timer.o(i.app_timer_start) for app_timer_start
    main.o(i.battery_level_meas_timeout_handler) refers to main.o(.data) for sgm_state
    main.o(i.battery_level_meas_timeout_handler) refers to main.o(.constdata) for m_battery_timer_id
    main.o(i.battery_level_update) refers to battery.o(i.battery_get) for battery_get
    main.o(i.battery_level_update) refers to ble_bas.o(i.ble_bas_battery_level_update) for ble_bas_battery_level_update
    main.o(i.battery_level_update) refers to app_error.o(i.app_error_handler) for app_error_handler
    main.o(i.battery_level_update) refers to main.o(.bss) for m_bas
    main.o(i.ble_evt_dispatch) refers to ble_hts.o(i.ble_hts_on_ble_evt) for ble_hts_on_ble_evt
    main.o(i.ble_evt_dispatch) refers to ble_bas.o(i.ble_bas_on_ble_evt) for ble_bas_on_ble_evt
    main.o(i.ble_evt_dispatch) refers to ble_conn_params.o(i.ble_conn_params_on_ble_evt) for ble_conn_params_on_ble_evt
    main.o(i.ble_evt_dispatch) refers to ble_conn_state.o(i.ble_conn_state_on_ble_evt) for ble_conn_state_on_ble_evt
    main.o(i.ble_evt_dispatch) refers to peer_manager.o(i.pm_on_ble_evt) for pm_on_ble_evt
    main.o(i.ble_evt_dispatch) refers to bsp_btn_ble.o(i.bsp_btn_ble_on_ble_evt) for bsp_btn_ble_on_ble_evt
    main.o(i.ble_evt_dispatch) refers to main.o(i.on_ble_evt) for on_ble_evt
    main.o(i.ble_evt_dispatch) refers to ble_advertising.o(i.ble_advertising_on_ble_evt) for ble_advertising_on_ble_evt
    main.o(i.ble_evt_dispatch) refers to ble_dfu.o(i.ble_dfu_on_ble_evt) for ble_dfu_on_ble_evt
    main.o(i.ble_evt_dispatch) refers to main.o(.bss) for m_hts
    main.o(i.ble_stack_init) refers to softdevice_handler.o(i.softdevice_handler_init) for softdevice_handler_init
    main.o(i.ble_stack_init) refers to app_error.o(i.app_error_handler) for app_error_handler
    main.o(i.ble_stack_init) refers to softdevice_handler.o(i.softdevice_enable_get_default_config) for softdevice_enable_get_default_config
    main.o(i.ble_stack_init) refers to softdevice_handler.o(i.softdevice_enable) for softdevice_enable
    main.o(i.ble_stack_init) refers to softdevice_handler.o(i.softdevice_ble_evt_handler_set) for softdevice_ble_evt_handler_set
    main.o(i.ble_stack_init) refers to softdevice_handler.o(i.softdevice_sys_evt_handler_set) for softdevice_sys_evt_handler_set
    main.o(i.ble_stack_init) refers to main.o(.constdata) for .constdata
    main.o(i.ble_stack_init) refers to main.o(.bss) for BLE_EVT_BUFFER
    main.o(i.ble_stack_init) refers to main.o(i.ble_evt_dispatch) for ble_evt_dispatch
    main.o(i.ble_stack_init) refers to main.o(i.sys_evt_dispatch) for sys_evt_dispatch
    main.o(i.bsp_event_handler) refers to main.o(i.sleep_mode_enter) for sleep_mode_enter
    main.o(i.bsp_event_handler) refers to app_error.o(i.app_error_handler) for app_error_handler
    main.o(i.bsp_event_handler) refers to ble_advertising.o(i.ble_advertising_restart_without_whitelist) for ble_advertising_restart_without_whitelist
    main.o(i.bsp_event_handler) refers to main.o(.data) for m_conn_handle
[...]
    nrf_dfu_settings_calculate_crc           0x00025dd1   Thumb Code    14  nrf_dfu_settings.o(i.nrf_dfu_settings_calculate_crc)
    nrf_dfu_settings_init                    0x00025de5   Thumb Code    92  nrf_dfu_settings.o(i.nrf_dfu_settings_init)
    nrf_dfu_settings_write                   0x00025e51   Thumb Code   112  nrf_dfu_settings.o(i.nrf_dfu_settings_write)
    nrf_drv_clock_init                       0x00025ed9   Thumb Code    94  nrf_drv_clock.o(i.nrf_drv_clock_init)
    nrf_drv_clock_on_sd_enable               0x00025f41   Thumb Code    46  nrf_drv_clock.o(i.nrf_drv_clock_on_sd_enable)
    nrf_drv_clock_on_soc_event               0x00025f75   Thumb Code    14  nrf_drv_clock.o(i.nrf_drv_clock_on_soc_event)
    nrf_drv_common_irq_enable                0x00025f85   Thumb Code    84  nrf_drv_common.o(i.nrf_drv_common_irq_enable)
    nrf_drv_gpiote_in_event_enable           0x00025ff1   Thumb Code   164  nrf_drv_gpiote.o(i.nrf_drv_gpiote_in_event_enable)
    nrf_drv_gpiote_in_init                   0x0002609d   Thumb Code   206  nrf_drv_gpiote.o(i.nrf_drv_gpiote_in_init)
    nrf_drv_gpiote_in_is_set                 0x00026179   Thumb Code    20  nrf_drv_gpiote.o(i.nrf_drv_gpiote_in_is_set)
    nrf_drv_gpiote_init                      0x0002618d   Thumb Code    90  nrf_drv_gpiote.o(i.nrf_drv_gpiote_init)
    nrf_drv_gpiote_is_init                   0x000261ed   Thumb Code    16  nrf_drv_gpiote.o(i.nrf_drv_gpiote_is_init)
    nrf_drv_saadc_buffer_convert             0x00026215   Thumb Code   192  nrf_drv_saadc.o(i.nrf_drv_saadc_buffer_convert)
    nrf_drv_saadc_channel_init               0x000262d9   Thumb Code    86  nrf_drv_saadc.o(i.nrf_drv_saadc_channel_init)
    nrf_drv_saadc_channel_uninit             0x00026335   Thumb Code    86  nrf_drv_saadc.o(i.nrf_drv_saadc_channel_uninit)
    nrf_drv_saadc_init                       0x00026391   Thumb Code   144  nrf_drv_saadc.o(i.nrf_drv_saadc_init)
    nrf_drv_saadc_limits_set                 0x0002642d   Thumb Code   168  nrf_drv_saadc.o(i.nrf_drv_saadc_limits_set)
    nrf_drv_saadc_uninit                     0x000264dd   Thumb Code   112  nrf_drv_saadc.o(i.nrf_drv_saadc_uninit)
    nrf_drv_twi_disable                      0x00026559   Thumb Code    64  nrf_drv_twi.o(i.nrf_drv_twi_disable)
    nrf_drv_twi_enable                       0x0002659d   Thumb Code    32  nrf_drv_twi.o(i.nrf_drv_twi_enable)
    nrf_drv_twi_init                         0x000265c1   Thumb Code   146  nrf_drv_twi.o(i.nrf_drv_twi_init)
    nrf_drv_twi_rx                           0x0002665d   Thumb Code    40  nrf_drv_twi.o(i.nrf_drv_twi_rx)
    nrf_drv_twi_tx                           0x00026689   Thumb Code    60  nrf_drv_twi.o(i.nrf_drv_twi_tx)
    nrf_drv_twi_uninit                       0x000266c5   Thumb Code   100  nrf_drv_twi.o(i.nrf_drv_twi_uninit)
    nrf_drv_twi_xfer                         0x00026735   Thumb Code    44  nrf_drv_twi.o(i.nrf_drv_twi_xfer)
    nrf_saadc_channel_init                   0x00026939   Thumb Code   108  nrf_saadc.o(i.nrf_saadc_channel_init)
    pdb_init                                 0x000275a9   Thumb Code    52  peer_database.o(i.pdb_init)
    pdb_next_deleted_peer_id_get             0x000275ed   Thumb Code    12  peer_database.o(i.pdb_next_deleted_peer_id_get)
    pdb_next_peer_id_get                     0x000275f9   Thumb Code    12  peer_database.o(i.pdb_next_peer_id_get)
    pdb_pds_evt_handler                      0x00027605   Thumb Code   436  peer_database.o(i.pdb_pds_evt_handler)
    pdb_peer_allocate                        0x000277c1   Thumb Code     8  peer_database.o(i.pdb_peer_allocate)
    pdb_peer_data_ptr_get                    0x000277c9   Thumb Code    22  peer_database.o(i.pdb_peer_data_ptr_get)
    pdb_peer_free                            0x000277df   Thumb Code    88  peer_database.o(i.pdb_peer_free)
    pdb_raw_store                            0x00027837   Thumb Code    22  peer_database.o(i.pdb_raw_store)
    pdb_write_buf_get                        0x0002784d   Thumb Code   302  peer_database.o(i.pdb_write_buf_get)
    pdb_write_buf_release                    0x00027981   Thumb Code    54  peer_database.o(i.pdb_write_buf_release)
    pdb_write_buf_store                      0x000279b9   Thumb Code   252  peer_database.o(i.pdb_write_buf_store)
    pdb_write_buf_store_prepare              0x00027abd   Thumb Code   116  peer_database.o(i.pdb_write_buf_store_prepare)
    pds_init                                 0x00027b55   Thumb Code    46  peer_data_storage.o(i.pds_init)
    pds_next_deleted_peer_id_get             0x00027b8d   Thumb Code    12  peer_data_storage.o(i.pds_next_deleted_peer_id_get)
    pds_next_peer_id_get                     0x00027b99   Thumb Code    12  peer_data_storage.o(i.pds_next_peer_id_get)
    pds_peer_data_iterate                    0x00027ba5   Thumb Code    88  peer_data_storage.o(i.pds_peer_data_iterate)
    pds_peer_data_iterate_prepare            0x00027c01   Thumb Code    10  peer_data_storage.o(i.pds_peer_data_iterate_prepare)
    pds_peer_data_read                       0x00027c11   Thumb Code   136  peer_data_storage.o(i.pds_peer_data_read)
    pds_peer_data_store                      0x00027c99   Thumb Code   186  peer_data_storage.o(i.pds_peer_data_store)
    pds_peer_id_allocate                     0x00027d53   Thumb Code    12  peer_data_storage.o(i.pds_peer_id_allocate)
    pds_peer_id_free                         0x00027d5f   Thumb Code    30  peer_data_storage.o(i.pds_peer_id_free)
    pds_peer_id_is_allocated                 0x00027d7d   Thumb Code    12  peer_data_storage.o(i.pds_peer_id_is_allocated)
    pds_space_reserve                        0x00027d89   Thumb Code    60  peer_data_storage.o(i.pds_space_reserve)
    pds_space_reserve_cancel                 0x00027dc5   Thumb Code    20  peer_data_storage.o(i.pds_space_reserve_cancel)
    peer_id_allocate                         0x00027f21   Thumb Code    14  peer_id.o(i.peer_id_allocate)
    peer_id_delete                           0x00027f35   Thumb Code    38  peer_id.o(i.peer_id_delete)
    peer_id_free                             0x00027f61   Thumb Code    24  peer_id.o(i.peer_id_free)
    peer_id_get_next_deleted                 0x00027f7d   Thumb Code    14  peer_id.o(i.peer_id_get_next_deleted)
    peer_id_get_next_used                    0x00027f91   Thumb Code    50  peer_id.o(i.peer_id_get_next_used)
    peer_id_init                             0x00027fc9   Thumb Code    32  peer_id.o(i.peer_id_init)
    peer_id_is_allocated                     0x00027fed   Thumb Code    22  peer_id.o(i.peer_id_is_allocated)
    peer_id_is_deleted                       0x00028009   Thumb Code    22  peer_id.o(i.peer_id_is_deleted)
    pm_buffer_block_acquire                  0x00028229   Thumb Code    98  pm_buffer.o(i.pm_buffer_block_acquire)
    pm_buffer_init                           0x0002828b   Thumb Code    78  pm_buffer.o(i.pm_buffer_init)
    pm_buffer_ptr_get                        0x000282d9   Thumb Code    48  pm_buffer.o(i.pm_buffer_ptr_get)
    pm_buffer_release                        0x00028309   Thumb Code    40  pm_buffer.o(i.pm_buffer_release)
    pm_conn_sec_config_reply                 0x00028331   Thumb Code    16  peer_manager.o(i.pm_conn_sec_config_reply)
    pm_gcm_evt_handler                       0x00028465   Thumb Code   190  peer_manager.o(i.pm_gcm_evt_handler)
    pm_im_evt_handler                        0x00028525   Thumb Code    82  peer_manager.o(i.pm_im_evt_handler)
    pm_init                                  0x0002857d   Thumb Code   146  peer_manager.o(i.pm_init)
    pm_local_database_has_changed            0x00028621   Thumb Code    22  peer_manager.o(i.pm_local_database_has_changed)
    pm_mutex_init                            0x0002863d   Thumb Code    20  pm_mutex.o(i.pm_mutex_init)
    pm_mutex_lock                            0x00028651   Thumb Code    32  pm_mutex.o(i.pm_mutex_lock)
    pm_mutex_lock_first_available            0x00028671   Thumb Code    48  pm_mutex.o(i.pm_mutex_lock_first_available)
    pm_mutex_lock_status_get                 0x000286a1   Thumb Code    36  pm_mutex.o(i.pm_mutex_lock_status_get)
    pm_mutex_unlock                          0x000286c5   Thumb Code    56  pm_mutex.o(i.pm_mutex_unlock)
    pm_on_ble_evt                            0x000286fd   Thumb Code    38  peer_manager.o(i.pm_on_ble_evt)
    pm_pdb_evt_handler                       0x00028729   Thumb Code   440  peer_manager.o(i.pm_pdb_evt_handler)
    pm_peer_delete                           0x000288f1   Thumb Code    26  peer_manager.o(i.pm_peer_delete)
    pm_peers_delete                          0x00028911   Thumb Code    70  peer_manager.o(i.pm_peers_delete)
    pm_register                              0x00028961   Thumb Code    52  peer_manager.o(i.pm_register)
    pm_sec_params_set                        0x000289a1   Thumb Code    30  peer_manager.o(i.pm_sec_params_set)
    pm_sm_evt_handler                        0x000289c5   Thumb Code   424  peer_manager.o(i.pm_sm_evt_handler)
    sdk_mapped_flags_bulk_update_by_key      0x000295e1   Thumb Code   118  sdk_mapped_flags.o(i.sdk_mapped_flags_bulk_update_by_key)
    sdk_mapped_flags_first_key_index_get     0x00029657   Thumb Code    36  sdk_mapped_flags.o(i.sdk_mapped_flags_first_key_index_get)
    sdk_mapped_flags_get_by_key              0x0002968d   Thumb Code    46  sdk_mapped_flags.o(i.sdk_mapped_flags_get_by_key)
    sdk_mapped_flags_key_list_get            0x000296bb   Thumb Code    66  sdk_mapped_flags.o(i.sdk_mapped_flags_key_list_get)
    sdk_mapped_flags_update_by_key           0x000296fd   Thumb Code    26  sdk_mapped_flags.o(i.sdk_mapped_flags_update_by_key)
    sensorsim_init                           0x00029a69   Thumb Code    24  sensorsim.o(i.sensorsim_init)
    sm_ble_evt_handler                       0x0002a089   Thumb Code    20  security_manager.o(i.sm_ble_evt_handler)
    sm_conn_sec_config_reply                 0x0002a0a1   Thumb Code    30  security_manager.o(i.sm_conn_sec_config_reply)
    sm_init                                  0x0002a0c5   Thumb Code    66  security_manager.o(i.sm_init)
    sm_pdb_evt_handler                       0x0002a129   Thumb Code    80  security_manager.o(i.sm_pdb_evt_handler)
    sm_sec_params_set                        0x0002a189   Thumb Code    46  security_manager.o(i.sm_sec_params_set)
    sm_smd_evt_handler                       0x0002a1c1   Thumb Code   156  security_manager.o(i.sm_smd_evt_handler)
    smd_ble_evt_handler                      0x0002a265   Thumb Code    88  security_dispatcher.o(i.smd_ble_evt_handler)
    smd_init                                 0x0002a2bd   Thumb Code    58  security_dispatcher.o(i.smd_init)
    smd_link_secure                          0x0002a309   Thumb Code    56  security_dispatcher.o(i.smd_link_secure)
    smd_params_reply                         0x0002a341   Thumb Code   284  security_dispatcher.o(i.smd_params_reply)
    smd_pdb_evt_handler                      0x0002a4f1   Thumb Code    48  security_dispatcher.o(i.smd_pdb_evt_handler)
    softdevice_ble_evt_handler_set           0x0002a525   Thumb Code    20  softdevice_handler.o(i.softdevice_ble_evt_handler_set)
    softdevice_enable                        0x0002a53d   Thumb Code    34  softdevice_handler.o(i.softdevice_enable)
    softdevice_enable_get_default_config     0x0002a565   Thumb Code    44  softdevice_handler.o(i.softdevice_enable_get_default_config)
    softdevice_fault_handler                 0x0002a591   Thumb Code    20  softdevice_handler.o(i.softdevice_fault_handler)
    softdevice_handler_init                  0x0002a5a5   Thumb Code   134  softdevice_handler.o(i.softdevice_handler_init)
    softdevice_handler_is_enabled            0x0002a641   Thumb Code     6  softdevice_handler.o(i.softdevice_handler_is_enabled)
    softdevice_sys_evt_handler_set           0x0002a64d   Thumb Code    20  softdevice_handler.o(i.softdevice_sys_evt_handler_set)
    twi_handler                              0x0002abf5   Thumb Code    18  max30205.o(i.twi_handler)
    _fp_init                                 0x0002b55d   Thumb Code    10  fpinit.o(x$fpl$fpinit)
    __fplib_config_fpu_vfp                   0x0002b565   Thumb Code     0  fpinit.o(x$fpl$fpinit)
    __fplib_config_pureend_doubles           0x0002b565   Thumb Code     0  fpinit.o(x$fpl$fpinit)
    Region$$Table$$Base                      0x0002b85c   Number         0  anon$$obj.o(Region$$Table)
    Region$$Table$$Limit                     0x0002b87c   Number         0  anon$$obj.o(Region$$Table)
    m_dfu_settings_buffer                    0x0007f000   Data        4096  nrf_dfu_settings.o(.ARM.__AT_0x0007F000)
    Image$$RW_IRAM1$$Base                    0x20002138   Number         0  anon$$obj.o ABSOLUTE
    m_is_conn                                0x2000215c   Data           1  main.o(.data)
    conflag                                  0x20002164   Data           4  main.o(.data)
    sgm_state                                0x20002168   Data           4  main.o(.data)
    max30205_dev_addr                        0x20002174   Data           1  max30205.o(.data)
    max30205_dev_conf                        0x20002176   Data           2  max30205.o(.data)
    data                                     0x20002178   Data           2  max30205.o(.data)
    p_m_dfu                                  0x200021bc   Data           4  ble_dfu.o(.data)
    SystemCoreClock                          0x20002348   Data           4  system_nrf52.o(.data)
    fs_data$$Base                            0x2000234c   Number         0  nrf_dfu_flash_buttonless.o(fs_data)
    fs_data$$Limit                           0x2000236c   Number         0  fds.o(fs_data)
    s_dfu_settings                           0x20002500   Data         348  nrf_dfu_settings.o(.bss)
    nrf_nvic_state                           0x20002e78   Data          12  app_util_platform.o(.bss)
    __libspace_start                         0x20003008   Data          96  libspace.o(.bss)
    __temporary_stack_top$libspace           0x20003068   Data           0  libspace.o(.bss)



==============================================================================

Memory Map of the image

  Image Entry point : 0x0001f401

  Load Region LR_IROM1 (Base: 0x0001f000, Size: 0x0000cab0, Max: 0x00059000, ABSOLUTE, COMPRESSED[0x0000c8e0])

    Execution Region ER_IROM1 (Base: 0x0001f000, Size: 0x0000c87c, Max: 0x00059000, ABSOLUTE)

    Base Addr    Size         Type   Attr      Idx    E Section Name        Object

    0x0001f000   0x00000400   Data   RO         6111    RESET               arm_startup_nrf52.o
    0x0001f400   0x00000008   Code   RO         6219  * !!!main             c_w.l(__main.o)
    0x0001f408   0x00000034   Code   RO         6378    !!!scatter          c_w.l(__scatter.o)
    0x0001f43c   0x0000005a   Code   RO         6376    !!dczerorl2         c_w.l(__dczerorl2.o)
    0x0001f496   0x00000002   PAD
    0x0001f498   0x0000001c   Code   RO         6380    !!handler_zi        c_w.l(__scatter_zi.o)
    0x0001f4b4   0x00000002   Code   RO         6246    .ARM.Collect$$libinit$$00000000  c_w.l(libinit.o)
    0x0001f4b6   0x00000004   Code   RO         6252    .ARM.Collect$$libinit$$00000001  c_w.l(libinit2.o)
    0x0001f4ba   0x00000000   Code   RO         6255    .ARM.Collect$$libinit$$00000004  c_w.l(libinit2.o)
    0x0001f4ba   0x00000000   Code   RO         6258    .ARM.Collect$$libinit$$0000000A  c_w.l(libinit2.o)
    0x0001f4ba   0x00000000   Code   RO         6260    .ARM.Collect$$libinit$$0000000C  c_w.l(libinit2.o)
    0x0001f4ba   0x00000000   Code   RO         6262    .ARM.Collect$$libinit$$0000000E  c_w.l(libinit2.o)
    0x0001f4ba   0x00000000   Code   RO         6265    .ARM.Collect$$libinit$$00000011  c_w.l(libinit2.o)
    0x0001f4ba   0x00000000   Code   RO         6267    .ARM.Collect$$libinit$$00000013  c_w.l(libinit2.o)
    0x0001f4ba   0x00000000   Code   RO         6269    .ARM.Collect$$libinit$$00000015  c_w.l(libinit2.o)
    0x0001f4ba   0x00000000   Code   RO         6271    .ARM.Collect$$libinit$$00000017  c_w.l(libinit2.o)
    0x0001f4ba   0x00000000   Code   RO         6273    .ARM.Collect$$libinit$$00000019  c_w.l(libinit2.o)
    0x0001f4ba   0x00000000   Code   RO         6275    .ARM.Collect$$libinit$$0000001B  c_w.l(libinit2.o)
    0x0001f4ba   0x00000000   Code   RO         6277    .ARM.Collect$$libinit$$0000001D  c_w.l(libinit2.o)
    0x0001f4ba   0x00000000   Code   RO         6279    .ARM.Collect$$libinit$$0000001F  c_w.l(libinit2.o)
    0x0001f4ba   0x00000000   Code   RO         6281    .ARM.Collect$$libinit$$00000021  c_w.l(libinit2.o)
    0x0001f4ba   0x00000000   Code   RO         6283    .ARM.Collect$$libinit$$00000023  c_w.l(libinit2.o)
    0x0001f4ba   0x00000000   Code   RO         6285    .ARM.Collect$$libinit$$00000025  c_w.l(libinit2.o)
    0x0001f4ba   0x00000000   Code   RO         6289    .ARM.Collect$$libinit$$0000002C  c_w.l(libinit2.o)
    0x0001f4ba   0x00000000   Code   RO         6291    .ARM.Collect$$libinit$$0000002E  c_w.l(libinit2.o)
    0x0001f4ba   0x00000000   Code   RO         6293    .ARM.Collect$$libinit$$00000030  c_w.l(libinit2.o)
    0x0001f4ba   0x00000000   Code   RO         6295    .ARM.Collect$$libinit$$00000032  c_w.l(libinit2.o)
    0x0001f4ba   0x00000002   Code   RO         6296    .ARM.Collect$$libinit$$00000033  c_w.l(libinit2.o)
    0x0001f4bc   0x00000002   Code   RO         6316    .ARM.Collect$$libshutdown$$00000000  c_w.l(libshutdown.o)
    0x0001f4be   0x00000000   Code   RO         6329    .ARM.Collect$$libshutdown$$00000002  c_w.l(libshutdown2.o)
    0x0001f4be   0x00000000   Code   RO         6331    .ARM.Collect$$libshutdown$$00000004  c_w.l(libshutdown2.o)
    0x0001f4be   0x00000000   Code   RO         6334    .ARM.Collect$$libshutdown$$00000007  c_w.l(libshutdown2.o)
    0x0001f4be   0x00000000   Code   RO         6337    .ARM.Collect$$libshutdown$$0000000A  c_w.l(libshutdown2.o)
    0x0001f4be   0x00000000   Code   RO         6339    .ARM.Collect$$libshutdown$$0000000C  c_w.l(libshutdown2.o)
    0x0001f4be   0x00000000   Code   RO         6342    .ARM.Collect$$libshutdown$$0000000F  c_w.l(libshutdown2.o)
    0x0001f4be   0x00000002   Code   RO         6343    .ARM.Collect$$libshutdown$$00000010  c_w.l(libshutdown2.o)
    0x0001f4c0   0x00000000   Code   RO         6221    .ARM.Collect$$rtentry$$00000000  c_w.l(__rtentry.o)
    0x0001f4c0   0x00000000   Code   RO         6223    .ARM.Collect$$rtentry$$00000002  c_w.l(__rtentry2.o)
    0x0001f4c0   0x00000006   Code   RO         6235    .ARM.Collect$$rtentry$$00000004  c_w.l(__rtentry4.o)
    0x0001f4c6   0x00000000   Code   RO         6225    .ARM.Collect$$rtentry$$00000009  c_w.l(__rtentry2.o)
    0x0001f4c6   0x00000004   Code   RO         6226    .ARM.Collect$$rtentry$$0000000A  c_w.l(__rtentry2.o)
    0x0001f4ca   0x00000000   Code   RO         6228    .ARM.Collect$$rtentry$$0000000C  c_w.l(__rtentry2.o)
    0x0001f4ca   0x00000008   Code   RO         6229    .ARM.Collect$$rtentry$$0000000D  c_w.l(__rtentry2.o)
    0x0001f4d2   0x00000002   Code   RO         6250    .ARM.Collect$$rtexit$$00000000  c_w.l(rtexit.o)
    0x0001f4d4   0x00000000   Code   RO         6298    .ARM.Collect$$rtexit$$00000002  c_w.l(rtexit2.o)
    0x0001f4d4   0x00000004   Code   RO         6299    .ARM.Collect$$rtexit$$00000003  c_w.l(rtexit2.o)
    0x0001f4d8   0x00000006   Code   RO         6300    .ARM.Collect$$rtexit$$00000004  c_w.l(rtexit2.o)
    0x0001f4de   0x00000002   PAD
    0x0001f4e0   0x00000040   Code   RO         6112    .text               arm_startup_nrf52.o
    0x0001f520   0x00000058   Code   RO         6203    .text               c_w.l(memcmp.o)
    0x0001f578   0x0000003e   Code   RO         6207    .text               c_w.l(strlen.o)
    0x0001f5b6   0x0000008a   Code   RO         6209    .text               c_w.l(rt_memcpy_v6.o)
    0x0001f640   0x00000064   Code   RO         6211    .text               c_w.l(rt_memcpy_w.o)
    0x0001f6a4   0x00000044   Code   RO         6213    .text               c_w.l(rt_memclr.o)
    0x0001f6e8   0x0000004e   Code   RO         6215    .text               c_w.l(rt_memclr_w.o)
    0x0001f736   0x00000006   Code   RO         6217    .text               c_w.l(heapauxi.o)
    0x0001f73c   0x0000004a   Code   RO         6237    .text               c_w.l(sys_stackheap_outer.o)
    0x0001f786   0x00000012   Code   RO         6239    .text               c_w.l(exit.o)
    0x0001f798   0x00000008   Code   RO         6247    .text               c_w.l(libspace.o)
    0x0001f7a0   0x0000000c   Code   RO         6308    .text               c_w.l(sys_exit.o)
    0x0001f7ac   0x00000002   Code   RO         6319    .text               c_w.l(use_no_semi.o)
    0x0001f7ae   0x00000000   Code   RO         6321    .text               c_w.l(indicate_semi.o)
    0x0001f7ae   0x00000002   PAD
    0x0001f7b0   0x00000238   Code   RO         4229    i.GPIOTE_IRQHandler  nrf_drv_gpiote.o
    0x0001f9e8   0x00000018   Code   RO         4690    i.NVIC_ClearPendingIRQ  app_timer.o
    0x0001fa00   0x00000018   Code   RO         5963    i.NVIC_DisableIRQ   softdevice_handler.o
    0x0001fa18   0x00000016   Code   RO         4691    i.NVIC_EnableIRQ    app_timer.o
    0x0001fa2e   0x00000016   Code   RO         5964    i.NVIC_EnableIRQ    softdevice_handler.o
    0x0001fa44   0x00000018   Code   RO         4692    i.NVIC_SetPendingIRQ  app_timer.o
    0x0001fa5c   0x00000028   Code   RO         4693    i.NVIC_SetPriority  app_timer.o
    0x0001fa84   0x00000040   Code   RO         6119    i.NVIC_SystemReset  system_nrf52.o
    0x0001fac4   0x00000050   Code   RO         3999    i.POWER_CLOCK_IRQHandler  nrf_drv_clock.o
    0x0001fb14   0x00000034   Code   RO         4694    i.RTC1_IRQHandler   app_timer.o
    0x0001fb48   0x00000200   Code   RO         3639    i.SAADC_IRQHandler  nrf_drv_saadc.o
    0x0001fd48   0x00000014   Code   RO         3794    i.SPIM0_SPIS0_TWIM0_TWIS0_SPI0_TWI0_IRQHandler  nrf_drv_twi.o
    0x0001fd5c   0x00000008   Code   RO         4695    i.SWI0_EGU0_IRQHandler  app_timer.o
    0x0001fd64   0x00000038   Code   RO         5965    i.SWI2_EGU2_IRQHandler  softdevice_handler.o
    0x0001fd9c   0x00000010   Code   RO         6120    i.SystemCoreClockUpdate  system_nrf52.o
    0x0001fdac   0x00000258   Code   RO         6121    i.SystemInit        system_nrf52.o
    0x00020004   0x00000038   Code   RO         5966    i.__sd_nvic_app_accessible_irq  softdevice_handler.o
    0x0002003c   0x0000000c   Code   RO         4907    i.__sd_nvic_irq_disable  app_util_platform.o
    0x00020048   0x00000032   Code   RO         2094    i.addr_compare      id_manager.o
    0x0002007a   0x00000018   Code   RO         1407    i.addr_is_valid     ble_advertising.o
    0x00020092   0x00000002   PAD
    0x00020094   0x0000002c   Code   RO         4996    i.address_is_valid  fds.o
    0x000200c0   0x0000016c   Code   RO         1300    i.adv_data_encode   ble_advdata.o
    0x0002022c   0x00000060   Code   RO         1408    i.adv_mode_next_avail_get  ble_advertising.o
    0x0002028c   0x00000012   Code   RO         1409    i.adv_mode_next_get  ble_advertising.o
    0x0002029e   0x00000012   Code   RO         1301    i.advdata_check     ble_advdata.o
    0x000202b0   0x00000054   Code   RO         1199    i.advertising_buttons_configure  bsp_btn_ble.o
    0x00020304   0x00000084   Code   RO            4    i.advertising_init  main.o
    0x00020388   0x00000034   Code   RO            5    i.advertising_start  main.o
    0x000203bc   0x00000056   Code   RO         2095    i.ah                id_manager.o
    0x00020412   0x0000000c   Code   RO         1081    i.alert_timer_handler  bsp.o
    0x0002041e   0x00000002   PAD
    0x00020420   0x0000002c   Code   RO         4565    i.app_button_enable  app_button.o
    0x0002044c   0x000000a8   Code   RO         4566    i.app_button_init   app_button.o
    0x000204f4   0x00000014   Code   RO         4666    i.app_error_fault_handler  app_error_weak.o
    0x00020508   0x00000020   Code   RO         4626    i.app_error_handler  app_error.o
    0x00020528   0x00000088   Code   RO         4628    i.app_error_save_and_stop  app_error.o
    0x000205b0   0x00000074   Code   RO         5718    i.app_sched_execute  app_scheduler.o
    0x00020624   0x0000003c   Code   RO         4698    i.app_timer_create  app_timer.o
    0x00020660   0x0000008c   Code   RO         4699    i.app_timer_init    app_timer.o
    0x000206ec   0x00000054   Code   RO         4700    i.app_timer_start   app_timer.o
    0x00020740   0x00000030   Code   RO         4701    i.app_timer_stop    app_timer.o
    0x00020770   0x0000000c   Code   RO         4908    i.app_util_critical_region_enter  app_util_platform.o
    0x0002077c   0x00000048   Code   RO         4909    i.app_util_critical_region_exit  app_util_platform.o
    0x000207c4   0x00000052   Code   RO         1302    i.appearance_encode  ble_advdata.o
    0x00020816   0x00000002   PAD
    0x00020818   0x00000040   Code   RO            6    i.application_timers_start  main.o
    0x00020858   0x00000058   Code   RO         1859    i.apply_pending_flags_check  gatt_cache_manager.o
    0x000208b0   0x00000014   Code   RO         3148    i.auth_status_failure_process  security_dispatcher.o
    0x000208c4   0x0000001c   Code   RO         3149    i.auth_status_process  security_dispatcher.o
    0x000208e0   0x000000bc   Code   RO         3150    i.auth_status_success_process  security_dispatcher.o
    0x0002099c   0x0000006c   Code   RO          579    i.battery_callback  battery.o
    0x00020a08   0x000000bc   Code   RO          581    i.battery_get       battery.o
    0x00020ac4   0x000000c4   Code   RO          582    i.battery_init      battery.o
    0x00020b88   0x000001d4   Code   RO         3434    i.battery_level_char_add  ble_bas.o
    0x00020d5c   0x000000cc   Code   RO            8    i.battery_level_meas_timeout_handler  main.o
    0x00020e28   0x00000050   Code   RO            9    i.battery_level_update  main.o
    0x00020e78   0x00000038   Code   RO          583    i.battery_read      battery.o
    0x00020eb0   0x00000094   Code   RO         1303    i.ble_advdata_set   ble_advdata.o
    0x00020f44   0x00000174   Code   RO         1410    i.ble_advertising_init  ble_advertising.o
    0x000210b8   0x00000032   Code   RO         1411    i.ble_advertising_on_ble_evt  ble_advertising.o
    0x000210ea   0x00000002   PAD
    0x000210ec   0x0000004c   Code   RO         1412    i.ble_advertising_on_sys_evt  ble_advertising.o
    0x00021138   0x00000058   Code   RO         1414    i.ble_advertising_restart_without_whitelist  ble_advertising.o
    0x00021190   0x00000168   Code   RO         1415    i.ble_advertising_start  ble_advertising.o
    0x000212f8   0x0000008c   Code   RO         3435    i.ble_bas_battery_level_update  ble_bas.o
    0x00021384   0x0000004c   Code   RO         3436    i.ble_bas_init      ble_bas.o
    0x000213d0   0x00000042   Code   RO         3437    i.ble_bas_on_ble_evt  ble_bas.o
    0x00021412   0x00000002   PAD
    0x00021414   0x00000070   Code   RO         1537    i.ble_conn_params_init  ble_conn_params.o
    0x00021484   0x0000003e   Code   RO         1538    i.ble_conn_params_on_ble_evt  ble_conn_params.o
    0x000214c2   0x00000002   PAD
    0x000214c4   0x00000018   Code   RO         1629    i.ble_conn_state_conn_handles  ble_conn_state.o
    0x000214dc   0x00000018   Code   RO         1630    i.ble_conn_state_encrypted  ble_conn_state.o
    0x000214f4   0x00000018   Code   RO         1632    i.ble_conn_state_mitm_protected  ble_conn_state.o
    0x0002150c   0x000000dc   Code   RO         1636    i.ble_conn_state_on_ble_evt  ble_conn_state.o
    0x000215e8   0x00000038   Code   RO         1638    i.ble_conn_state_role  ble_conn_state.o
    0x00021620   0x00000024   Code   RO         1640    i.ble_conn_state_user_flag_acquire  ble_conn_state.o
    0x00021644   0x0000001c   Code   RO         1641    i.ble_conn_state_user_flag_collection  ble_conn_state.o
    0x00021660   0x00000024   Code   RO         1642    i.ble_conn_state_user_flag_get  ble_conn_state.o
    0x00021684   0x00000024   Code   RO         1643    i.ble_conn_state_user_flag_set  ble_conn_state.o
    0x000216a8   0x0000003a   Code   RO         3542    i.ble_date_time_encode  ble_hts.o
    0x000216e2   0x00000076   Code   RO         1304    i.ble_device_addr_encode  ble_advdata.o
    0x00021758   0x00000018   Code   RO           10    i.ble_dfu_evt_handler  main.o
    0x00021770   0x000000a0   Code   RO          785    i.ble_dfu_init      ble_dfu.o
    0x00021810   0x0000005a   Code   RO          786    i.ble_dfu_on_ble_evt  ble_dfu.o
    0x0002186a   0x00000002   PAD
    0x0002186c   0x00000198   Code   RO         3493    i.ble_dis_init      ble_dis.o
    0x00021a04   0x00000050   Code   RO           11    i.ble_evt_dispatch  main.o
    0x00021a54   0x0000005e   Code   RO         3543    i.ble_hts_init      ble_hts.o
    0x00021ab2   0x00000042   Code   RO         3544    i.ble_hts_is_indication_enabled  ble_hts.o
    0x00021af4   0x00000062   Code   RO         3545    i.ble_hts_measurement_send  ble_hts.o
    0x00021b56   0x00000048   Code   RO         3546    i.ble_hts_on_ble_evt  ble_hts.o
    0x00021b9e   0x00000012   Code   RO         1791    i.ble_srv_ascii_to_utf8  ble_srv_common.o
    0x00021bb0   0x00000012   Code   RO         1792    i.ble_srv_is_indication_enabled  ble_srv_common.o
    0x00021bc2   0x00000012   Code   RO         1793    i.ble_srv_is_notification_enabled  ble_srv_common.o
    0x00021bd4   0x0000007c   Code   RO         1794    i.ble_srv_report_ref_encode  ble_srv_common.o
    0x00021c50   0x000000e4   Code   RO           12    i.ble_stack_init    main.o
    0x00021d34   0x00000030   Code   RO          968    i.bsp_board_button_state_get  boards.o
    0x00021d64   0x00000030   Code   RO          971    i.bsp_board_led_invert  boards.o
    0x00021d94   0x00000014   Code   RO          972    i.bsp_board_led_off  boards.o
    0x00021da8   0x00000014   Code   RO          973    i.bsp_board_led_on  boards.o
    0x00021dbc   0x00000030   Code   RO          974    i.bsp_board_led_state_get  boards.o
    0x00021dec   0x00000030   Code   RO          975    i.bsp_board_leds_init  boards.o
    0x00021e1c   0x00000014   Code   RO          976    i.bsp_board_leds_off  boards.o
    0x00021e30   0x00000014   Code   RO          977    i.bsp_board_leds_on  boards.o
    0x00021e44   0x00000024   Code   RO          978    i.bsp_board_pin_to_button_idx  boards.o
    0x00021e68   0x0000002c   Code   RO         1200    i.bsp_btn_ble_init  bsp_btn_ble.o
    0x00021e94   0x00000078   Code   RO         1201    i.bsp_btn_ble_on_ble_evt  bsp_btn_ble.o
    0x00021f0c   0x000000d0   Code   RO         1082    i.bsp_button_event_handler  bsp.o
    0x00021fdc   0x0000000c   Code   RO         1083    i.bsp_button_is_pressed  bsp.o
    0x00021fe8   0x00000090   Code   RO           13    i.bsp_event_handler  main.o
    0x00022078   0x0000005c   Code   RO         1086    i.bsp_event_to_button_action_assign  bsp.o
    0x000220d4   0x00000020   Code   RO         1087    i.bsp_indication_set  bsp.o
    0x000220f4   0x000000b4   Code   RO         1088    i.bsp_init          bsp.o
    0x000221a8   0x0000034c   Code   RO         1089    i.bsp_led_indication  bsp.o
    0x000224f4   0x0000000e   Code   RO         1092    i.button_timer_handler  bsp.o
    0x00022502   0x00000002   PAD
    0x00022504   0x00000074   Code   RO           14    i.buttons_leds_init  main.o
    0x00022578   0x00000020   Code   RO         1860    i.cccd_written      gatt_cache_manager.o
    0x00022598   0x00000020   Code   RO         4230    i.channel_free      nrf_drv_gpiote.o
    0x000225b8   0x00000010   Code   RO         4231    i.channel_handler_get  nrf_drv_gpiote.o
    0x000225c8   0x00000080   Code   RO         4232    i.channel_port_alloc  nrf_drv_gpiote.o
    0x00022648   0x0000000c   Code   RO         4233    i.channel_port_get  nrf_drv_gpiote.o
    0x00022654   0x00000140   Code   RO         3494    i.char_add          ble_dis.o
    0x00022794   0x00000020   Code   RO         5422    i.check_config      fstorage.o
    0x000227b4   0x00000022   Code   RO         4997    i.chunk_is_aligned  fds.o
    0x000227d6   0x00000002   PAD
    0x000227d8   0x00000030   Code   RO         4998    i.chunk_queue_get_and_advance  fds.o
    0x00022808   0x00000020   Code   RO         4999    i.chunk_queue_next  fds.o
    0x00022828   0x0000002c   Code   RO         5000    i.chunk_queue_skip  fds.o
    0x00022854   0x0000004a   Code   RO         2678    i.claim             peer_id.o
    0x0002289e   0x00000002   PAD
    0x000228a0   0x00000030   Code   RO         4000    i.clock_clk_started_notify  nrf_drv_clock.o
    0x000228d0   0x00000090   Code   RO         4703    i.compare_reg_update  app_timer.o
    0x00022960   0x0000005a   Code   RO         1305    i.conn_int_check    ble_advdata.o
    0x000229ba   0x00000068   Code   RO         1306    i.conn_int_encode   ble_advdata.o
    0x00022a22   0x00000002   PAD
    0x00022a24   0x00000028   Code   RO           15    i.conn_params_error_handler  main.o
    0x00022a4c   0x00000070   Code   RO           16    i.conn_params_init  main.o
    0x00022abc   0x00000084   Code   RO         1540    i.conn_params_negotiation  ble_conn_params.o
    0x00022b40   0x00000058   Code   RO         3151    i.conn_sec_update_process  security_dispatcher.o
    0x00022b98   0x00000054   Code   RO         1203    i.connection_buttons_configure  bsp_btn_ble.o
    0x00022bec   0x0000004c   Code   RO         5693    i.crc32_compute     crc32.o
    0x00022c38   0x00000018   Code   RO          888    i.delay_operation   nrf_dfu_settings.o
    0x00022c50   0x0000004a   Code   RO         5001    i.delete_execute    fds.o
    0x00022c9a   0x00000002   PAD
    0x00022c9c   0x0000008c   Code   RO         4568    i.detection_delay_timeout_handler  app_button.o
    0x00022d28   0x00000094   Code   RO          472    i.dev_max30205_init  max30205.o
    0x00022dbc   0x0000004a   Code   RO          474    i.dev_max30205_powerCfg  max30205.o
    0x00022e06   0x00000002   PAD
    0x00022e08   0x00000058   Code   RO          475    i.dev_max30205_read_temperature  max30205.o
    0x00022e60   0x00000010   Code   RO          476    i.dev_max30205_uninit  max30205.o
    0x00022e70   0x00000032   Code   RO           19    i.dev_sgm40561_init  main.o
    0x00022ea2   0x00000002   PAD
    0x00022ea4   0x00000028   Code   RO          889    i.dfu_settings_write_callback  nrf_dfu_settings.o
    0x00022ecc   0x00000022   Code   RO         3152    i.disconnect_process  security_dispatcher.o
    0x00022eee   0x00000002   PAD
    0x00022ef0   0x00000064   Code   RO         4704    i.elapsed_ticks_acquire  app_timer.o
    0x00022f54   0x00000038   Code   RO         3153    i.encryption_failure  security_dispatcher.o
    0x00022f8c   0x0000002c   Code   RO          787    i.enter_bootloader  ble_dfu.o
    0x00022fb8   0x0000000a   Code   RO         5423    i.erase_execute     fstorage.o
    0x00022fc2   0x00000002   PAD
    0x00022fc4   0x00000054   Code   RO         6122    i.errata_108        system_nrf52.o
    0x00023018   0x00000030   Code   RO         6123    i.errata_16         system_nrf52.o
    0x00023048   0x00000054   Code   RO         6124    i.errata_31         system_nrf52.o
    0x0002309c   0x00000030   Code   RO         6125    i.errata_32         system_nrf52.o
    0x000230cc   0x00000054   Code   RO         6126    i.errata_36         system_nrf52.o
    0x00023120   0x00000030   Code   RO         6127    i.errata_37         system_nrf52.o
    0x00023150   0x00000030   Code   RO         6128    i.errata_57         system_nrf52.o
    0x00023180   0x00000030   Code   RO         6129    i.errata_66         system_nrf52.o
    0x000231b0   0x00000076   Code   RO         5003    i.event_prepare     fds.o
    0x00023226   0x00000002   PAD
    0x00023228   0x00000028   Code   RO         5004    i.event_send        fds.o
    0x00023250   0x00000042   Code   RO         3298    i.events_send_from_err_code  security_manager.o
    0x00023292   0x00000002   PAD
    0x00023294   0x00000020   Code   RO         1861    i.evt_send          gatt_cache_manager.o
    0x000232b4   0x00000020   Code   RO         2001    i.evt_send          gatts_cache_manager.o
    0x000232d4   0x00000020   Code   RO         2096    i.evt_send          id_manager.o
    0x000232f4   0x00000028   Code   RO         2773    i.evt_send          peer_manager.o
    0x0002331c   0x00000020   Code   RO         3154    i.evt_send          security_dispatcher.o
    0x0002333c   0x00000020   Code   RO         3299    i.evt_send          security_manager.o
    0x0002335c   0x00000058   Code   RO         4705    i.expired_timers_handler  app_timer.o
    0x000233b4   0x0000013c   Code   RO         2331    i.fds_evt_handler   peer_data_storage.o
    0x000234f0   0x00000048   Code   RO         5006    i.fds_file_delete   fds.o
    0x00023538   0x00000040   Code   RO         5007    i.fds_gc            fds.o
    0x00023578   0x000000b2   Code   RO         5008    i.fds_init          fds.o
    0x0002362a   0x00000002   PAD
    0x0002362c   0x00000058   Code   RO         5009    i.fds_record_close  fds.o
    0x00023684   0x00000016   Code   RO         5011    i.fds_record_find   fds.o
    0x0002369a   0x00000014   Code   RO         5012    i.fds_record_find_by_key  fds.o
    0x000236ae   0x00000014   Code   RO         5013    i.fds_record_find_in_file  fds.o
    0x000236c2   0x00000012   Code   RO         5014    i.fds_record_id_from_desc  fds.o
    0x000236d4   0x0000004c   Code   RO         5016    i.fds_record_open   fds.o
    0x00023720   0x0000001a   Code   RO         5017    i.fds_record_update  fds.o
    0x0002373a   0x00000014   Code   RO         5018    i.fds_record_write  fds.o
    0x0002374e   0x0000001c   Code   RO         5019    i.fds_record_write_reserved  fds.o
    0x0002376a   0x00000002   PAD
    0x0002376c   0x00000030   Code   RO         5020    i.fds_register      fds.o
    0x0002379c   0x00000030   Code   RO         5021    i.fds_reserve       fds.o
    0x000237cc   0x00000050   Code   RO         5022    i.fds_reserve_cancel  fds.o
    0x0002381c   0x00000040   Code   RO         5024    i.file_find_and_delete  fds.o
    0x0002385c   0x0000000a   Code   RO         2332    i.file_id_to_peer_id  peer_data_storage.o
    0x00023866   0x00000018   Code   RO         2333    i.file_id_within_pm_range  peer_data_storage.o
    0x0002387e   0x00000002   PAD
    0x00023880   0x00000010   Code   RO         5025    i.flag_clear        fds.o
    0x00023890   0x00000012   Code   RO         3155    i.flag_id_init      security_dispatcher.o
    0x000238a2   0x00000012   Code   RO         3300    i.flag_id_init      security_manager.o
    0x000238b4   0x00000018   Code   RO         5026    i.flag_is_set       fds.o
    0x000238cc   0x00000010   Code   RO         5027    i.flag_set          fds.o
    0x000238dc   0x00000036   Code   RO         1307    i.flags_encode      ble_advdata.o
    0x00023912   0x00000002   PAD
    0x00023914   0x0000009c   Code   RO         3301    i.flags_set_from_err_code  security_manager.o
    0x000239b0   0x00000014   Code   RO         1417    i.flash_access_in_progress  ble_advertising.o
    0x000239c4   0x00000020   Code   RO          788    i.flash_callback    ble_dfu.o
    0x000239e4   0x00000080   Code   RO         5424    i.fs_erase          fstorage.o
    0x00023a64   0x0000000e   Code   RO         5028    i.fs_event_handler  fds.o
    0x00023a72   0x00000002   PAD
    0x00023a74   0x00000040   Code   RO          677    i.fs_evt_handler    nrf_dfu_flash_buttonless.o
    0x00023ab4   0x00000018   Code   RO         5426    i.fs_flash_page_end_addr  fstorage.o
    0x00023acc   0x000000c0   Code   RO         5427    i.fs_init           fstorage.o
    0x00023b8c   0x00000014   Code   RO         5429    i.fs_queue_is_full  fstorage.o
    0x00023ba0   0x00000018   Code   RO         5430    i.fs_queued_op_count_get  fstorage.o
    0x00023bb8   0x00000094   Code   RO         5431    i.fs_store          fstorage.o
    0x00023c4c   0x0000006c   Code   RO         5432    i.fs_sys_event_handler  fstorage.o
    0x00023cb8   0x000000bc   Code   RO           20    i.gap_params_init   main.o
    0x00023d74   0x00000070   Code   RO         5029    i.gc_execute        fds.o
    0x00023de4   0x0000003c   Code   RO         5030    i.gc_init           fds.o
    0x00023e20   0x00000028   Code   RO         5031    i.gc_next_page      fds.o
    0x00023e48   0x00000044   Code   RO         5032    i.gc_page_erase     fds.o
    0x00023e8c   0x00000048   Code   RO         5033    i.gc_page_next      fds.o
    0x00023ed4   0x00000040   Code   RO         5034    i.gc_record_copy    fds.o
    0x00023f14   0x00000024   Code   RO         5035    i.gc_record_find_next  fds.o
    0x00023f38   0x00000058   Code   RO         5036    i.gc_state_advance  fds.o
    0x00023f90   0x0000002c   Code   RO         5037    i.gc_swap_erase     fds.o
    0x00023fbc   0x00000044   Code   RO         5038    i.gc_swap_pages     fds.o
    0x00024000   0x00000020   Code   RO         5039    i.gc_swap_promote   fds.o
    0x00024020   0x00000018   Code   RO         5040    i.gc_tag_new_swap   fds.o
    0x00024038   0x00000020   Code   RO         5041    i.gc_update_swap_offset  fds.o
    0x00024058   0x00000074   Code   RO         1862    i.gcm_ble_evt_handler  gatt_cache_manager.o
    0x000240cc   0x00000078   Code   RO         1863    i.gcm_gscm_evt_handler  gatt_cache_manager.o
    0x00024144   0x00000030   Code   RO         1864    i.gcm_im_evt_handler  gatt_cache_manager.o
    0x00024174   0x00000068   Code   RO         1865    i.gcm_init          gatt_cache_manager.o
    0x000241dc   0x0000004c   Code   RO         1866    i.gcm_local_database_has_changed  gatt_cache_manager.o
    0x00024228   0x00000018   Code   RO         1869    i.gcm_smd_evt_handler  gatt_cache_manager.o
    0x00024240   0x0000003c   Code   RO         2097    i.get_connection_by_conn_handle  id_manager.o
    0x0002427c   0x00000034   Code   RO         2098    i.get_free_connection  id_manager.o
    0x000242b0   0x00000080   Code   RO         4569    i.gpiote_event_handler  app_button.o
    0x00024330   0x0000001c   Code   RO         2002    i.gscm_db_change_notification_done  gatts_cache_manager.o
    0x0002434c   0x00000014   Code   RO         2003    i.gscm_init         gatts_cache_manager.o
    0x00024360   0x00000018   Code   RO         2004    i.gscm_local_database_has_changed  gatts_cache_manager.o
    0x00024378   0x00000090   Code   RO         2005    i.gscm_local_db_cache_apply  gatts_cache_manager.o
    0x00024408   0x00000096   Code   RO         2007    i.gscm_local_db_cache_update  gatts_cache_manager.o
    0x0002449e   0x00000002   PAD
    0x000244a0   0x00000058   Code   RO         2008    i.gscm_pdb_evt_handler  gatts_cache_manager.o
    0x000244f8   0x00000024   Code   RO         2009    i.gscm_service_changed_ind_needed  gatts_cache_manager.o
    0x0002451c   0x0000003c   Code   RO         2010    i.gscm_service_changed_ind_send  gatts_cache_manager.o
    0x00024558   0x00000018   Code   RO         5042    i.header_is_valid   fds.o
    0x00024570   0x00000100   Code   RO         3547    i.hts_measurement_char_add  ble_hts.o
    0x00024670   0x0000008a   Code   RO         3548    i.hts_measurement_encode  ble_hts.o
    0x000246fa   0x00000002   PAD
    0x000246fc   0x0000006c   Code   RO           21    i.hts_sim_measurement  main.o
    0x00024768   0x000000b8   Code   RO         3549    i.hts_temp_type_char_add  ble_hts.o
    0x00024820   0x0000004c   Code   RO         2099    i.im_address_resolve  id_manager.o
    0x0002486c   0x00000034   Code   RO         2100    i.im_ble_addr_get   id_manager.o
    0x000248a0   0x000000ce   Code   RO         2101    i.im_ble_evt_handler  id_manager.o
    0x0002496e   0x00000002   PAD
    0x00024970   0x00000030   Code   RO         2102    i.im_conn_handle_get  id_manager.o
    0x000249a0   0x0000002c   Code   RO         2106    i.im_init           id_manager.o
    0x000249cc   0x00000044   Code   RO         2107    i.im_is_duplicate_bonding_data  id_manager.o
    0x00024a10   0x00000022   Code   RO         2108    i.im_master_id_is_valid  id_manager.o
    0x00024a32   0x00000032   Code   RO         2109    i.im_master_ids_compare  id_manager.o
    0x00024a64   0x00000010   Code   RO         2110    i.im_new_peer_id    id_manager.o
    0x00024a74   0x0000007c   Code   RO         2111    i.im_pdb_evt_handler  id_manager.o
    0x00024af0   0x0000002a   Code   RO         2112    i.im_peer_free      id_manager.o
    0x00024b1a   0x00000002   PAD
    0x00024b1c   0x00000028   Code   RO         2113    i.im_peer_id_get_by_conn_handle  id_manager.o
    0x00024b44   0x00000040   Code   RO         2114    i.im_peer_id_get_by_master_id  id_manager.o
    0x00024b84   0x00000118   Code   RO         5043    i.init_execute      fds.o
    0x00024c9c   0x000000c4   Code   RO         5967    i.intern_softdevice_events_execute  softdevice_handler.o
    0x00024d60   0x0000000c   Code   RO         1870    i.internal_state_reset  gatt_cache_manager.o
    0x00024d6c   0x00000018   Code   RO         2011    i.internal_state_reset  gatts_cache_manager.o
    0x00024d84   0x0000002c   Code   RO         2119    i.internal_state_reset  id_manager.o
    0x00024db0   0x00000020   Code   RO         2499    i.internal_state_reset  peer_database.o
    0x00024dd0   0x0000000e   Code   RO         2679    i.internal_state_reset  peer_id.o
    0x00024dde   0x00000002   PAD
    0x00024de0   0x0000002c   Code   RO         2774    i.internal_state_reset  peer_manager.o
    0x00024e0c   0x00000190   Code   RO         3795    i.irq_handler_twim  nrf_drv_twi.o
    0x00024f9c   0x00000024   Code   RO         1541    i.is_conn_params_ok  ble_conn_params.o
    0x00024fc0   0x00000018   Code   RO         2120    i.is_valid_irk      id_manager.o
    0x00024fd8   0x00000010   Code   RO         5044    i.is_word_aligned   fds.o
    0x00024fe8   0x0000000c   Code   RO         4003    i.item_dequeue      nrf_drv_clock.o
    0x00024ff4   0x00000020   Code   RO         1093    i.leds_timer_handler  bsp.o
    0x00025014   0x000000c4   Code   RO         3302    i.link_secure       security_manager.o
    0x000250d8   0x0000008e   Code   RO         3156    i.link_secure_central  security_dispatcher.o
    0x00025166   0x000000e8   Code   RO         3157    i.link_secure_central_existing_peer  security_dispatcher.o
    0x0002524e   0x0000007c   Code   RO         3158    i.link_secure_central_new_peer  security_dispatcher.o
    0x000252ca   0x00000002   PAD
    0x000252cc   0x00000058   Code   RO         3159    i.link_secure_failure  security_dispatcher.o
    0x00025324   0x00000080   Code   RO         3303    i.link_secure_pending_process  security_manager.o
    0x000253a4   0x00000012   Code   RO         3160    i.link_secure_peripheral  security_dispatcher.o
    0x000253b6   0x00000002   PAD
    0x000253b8   0x0000007c   Code   RO         4706    i.list_deletions_handler  app_timer.o
    0x00025434   0x000000f8   Code   RO         4707    i.list_insertions_handler  app_timer.o
    0x0002552c   0x000000a0   Code   RO         1871    i.local_db_apply_in_evt  gatt_cache_manager.o
    0x000255cc   0x000000b8   Code   RO         1872    i.local_db_update_in_evt  gatt_cache_manager.o
    0x00025684   0x00000034   Code   RO         3095    i.lock_by_mask      pm_mutex.o
    0x000256b8   0x0000011c   Code   RO           22    i.main              main.o
    0x000257d4   0x00000076   Code   RO         1308    i.manuf_specific_data_encode  ble_advdata.o
    0x0002584a   0x00000002   PAD
    0x0002584c   0x00000078   Code   RO          477    i.max30205_read_byte  max30205.o
    0x000258c4   0x000000c2   Code   RO         1309    i.name_encode       ble_advdata.o
    0x00025986   0x00000002   PAD
    0x00025988   0x00000070   Code   RO         2121    i.new_connection    id_manager.o
    0x000259f8   0x00000034   Code   RO         2680    i.next_id_get       peer_id.o
    0x00025a2c   0x00000018   Code   RO         5721    i.next_index        app_scheduler.o
    0x00025a44   0x00000016   Code   RO         4234    i.nrf_bitmask_bit_is_set  nrf_drv_gpiote.o
    0x00025a5a   0x00000012   Code   RO         4007    i.nrf_clock_event_check  nrf_drv_clock.o
    0x00025a6c   0x00000012   Code   RO         4008    i.nrf_clock_event_clear  nrf_drv_clock.o
    0x00025a7e   0x00000002   PAD
    0x00025a80   0x0000000c   Code   RO         4010    i.nrf_clock_int_disable  nrf_drv_clock.o
    0x00025a8c   0x00000098   Code   RO          585    i.nrf_delay_us      battery.o
    0x00025b24   0x00000098   Code   RO          890    i.nrf_delay_us      nrf_dfu_settings.o
    0x00025bbc   0x00000098   Code   RO         3796    i.nrf_delay_us      nrf_drv_twi.o
    0x00025c54   0x00000098   Code   RO         4708    i.nrf_delay_us      app_timer.o
    0x00025cec   0x0000006c   Code   RO          678    i.nrf_dfu_flash_erase  nrf_dfu_flash_buttonless.o
    0x00025d58   0x00000010   Code   RO          680    i.nrf_dfu_flash_init  nrf_dfu_flash_buttonless.o
    0x00025d68   0x00000068   Code   RO          681    i.nrf_dfu_flash_store  nrf_dfu_flash_buttonless.o
    0x00025dd0   0x00000014   Code   RO          891    i.nrf_dfu_settings_calculate_crc  nrf_dfu_settings.o
    0x00025de4   0x0000006c   Code   RO          892    i.nrf_dfu_settings_init  nrf_dfu_settings.o
    0x00025e50   0x00000088   Code   RO          893    i.nrf_dfu_settings_write  nrf_dfu_settings.o
    0x00025ed8   0x00000068   Code   RO         4019    i.nrf_drv_clock_init  nrf_drv_clock.o
    0x00025f40   0x00000034   Code   RO         4026    i.nrf_drv_clock_on_sd_enable  nrf_drv_clock.o
    0x00025f74   0x0000000e   Code   RO         4027    i.nrf_drv_clock_on_soc_event  nrf_drv_clock.o
    0x00025f82   0x00000002   PAD
    0x00025f84   0x00000060   Code   RO         4196    i.nrf_drv_common_irq_enable  nrf_drv_common.o
    0x00025fe4   0x0000000a   Code   RO         3797    i.nrf_drv_get_IRQn  nrf_drv_twi.o
    0x00025fee   0x00000002   PAD
    0x00025ff0   0x000000ac   Code   RO         4239    i.nrf_drv_gpiote_in_event_enable  nrf_drv_gpiote.o
    0x0002609c   0x000000dc   Code   RO         4240    i.nrf_drv_gpiote_in_init  nrf_drv_gpiote.o
    0x00026178   0x00000014   Code   RO         4241    i.nrf_drv_gpiote_in_is_set  nrf_drv_gpiote.o
    0x0002618c   0x00000060   Code   RO         4243    i.nrf_drv_gpiote_init  nrf_drv_gpiote.o
    0x000261ec   0x00000014   Code   RO         4244    i.nrf_drv_gpiote_is_init  nrf_drv_gpiote.o
    0x00026200   0x00000014   Code   RO         3798    i.nrf_drv_is_in_RAM  nrf_drv_twi.o
    0x00026214   0x000000c4   Code   RO         3641    i.nrf_drv_saadc_buffer_convert  nrf_drv_saadc.o
    0x000262d8   0x0000005c   Code   RO         3643    i.nrf_drv_saadc_channel_init  nrf_drv_saadc.o
    0x00026334   0x0000005c   Code   RO         3644    i.nrf_drv_saadc_channel_uninit  nrf_drv_saadc.o
    0x00026390   0x0000009c   Code   RO         3645    i.nrf_drv_saadc_init  nrf_drv_saadc.o
    0x0002642c   0x000000b0   Code   RO         3647    i.nrf_drv_saadc_limits_set  nrf_drv_saadc.o
    0x000264dc   0x0000007c   Code   RO         3651    i.nrf_drv_saadc_uninit  nrf_drv_saadc.o
    0x00026558   0x00000044   Code   RO         3800    i.nrf_drv_twi_disable  nrf_drv_twi.o
    0x0002659c   0x00000024   Code   RO         3801    i.nrf_drv_twi_enable  nrf_drv_twi.o
    0x000265c0   0x0000009c   Code   RO         3802    i.nrf_drv_twi_init  nrf_drv_twi.o
    0x0002665c   0x0000002c   Code   RO         3803    i.nrf_drv_twi_rx    nrf_drv_twi.o
    0x00026688   0x0000003c   Code   RO         3806    i.nrf_drv_twi_tx    nrf_drv_twi.o
    0x000266c4   0x00000070   Code   RO         3807    i.nrf_drv_twi_uninit  nrf_drv_twi.o
    0x00026734   0x00000030   Code   RO         3808    i.nrf_drv_twi_xfer  nrf_drv_twi.o
    0x00026764   0x00000028   Code   RO          980    i.nrf_gpio_cfg      boards.o
    0x0002678c   0x00000028   Code   RO         4258    i.nrf_gpio_cfg      nrf_drv_gpiote.o
    0x000267b4   0x00000032   Code   RO         4260    i.nrf_gpio_cfg_sense_set  nrf_drv_gpiote.o
    0x000267e6   0x00000016   Code   RO           23    i.nrf_gpio_pin_clear  main.o
    0x000267fc   0x00000016   Code   RO         3809    i.nrf_gpio_pin_clear  nrf_drv_twi.o
    0x00026812   0x00000018   Code   RO         4262    i.nrf_gpio_pin_read  nrf_drv_gpiote.o
    0x0002682a   0x00000016   Code   RO         3810    i.nrf_gpio_pin_set  nrf_drv_twi.o
    0x00026840   0x0000003a   Code   RO          586    i.nrf_gpio_pin_write  battery.o
    0x0002687a   0x0000003a   Code   RO          981    i.nrf_gpio_pin_write  boards.o
    0x000268b4   0x00000028   Code   RO         4264    i.nrf_gpio_ports_read  nrf_drv_gpiote.o
    0x000268dc   0x0000000c   Code   RO         4265    i.nrf_gpiote_event_addr_get  nrf_drv_gpiote.o
    0x000268e8   0x0000001c   Code   RO         4266    i.nrf_gpiote_event_clear  nrf_drv_gpiote.o
    0x00026904   0x00000016   Code   RO         4267    i.nrf_gpiote_event_is_set  nrf_drv_gpiote.o
    0x0002691a   0x00000002   PAD
    0x0002691c   0x0000000c   Code   RO         4268    i.nrf_gpiote_int_enable  nrf_drv_gpiote.o
    0x00026928   0x00000010   Code   RO         3652    i.nrf_saadc_buffer_init  nrf_drv_saadc.o
    0x00026938   0x00000070   Code   RO         4537    i.nrf_saadc_channel_init  nrf_saadc.o
    0x000269a8   0x00000018   Code   RO         3653    i.nrf_saadc_channel_input_set  nrf_drv_saadc.o
    0x000269c0   0x00000014   Code   RO         3654    i.nrf_saadc_event_check  nrf_drv_saadc.o
    0x000269d4   0x00000018   Code   RO         3655    i.nrf_saadc_event_clear  nrf_drv_saadc.o
    0x000269ec   0x0000000c   Code   RO         3656    i.nrf_saadc_int_disable  nrf_drv_saadc.o
    0x000269f8   0x0000000c   Code   RO         3657    i.nrf_saadc_int_enable  nrf_drv_saadc.o
    0x00026a04   0x00000014   Code   RO         3658    i.nrf_saadc_limit_int_get  nrf_drv_saadc.o
    0x00026a18   0x0000000c   Code   RO         3659    i.nrf_saadc_task_trigger  nrf_drv_saadc.o
    0x00026a24   0x0000000c   Code   RO         3811    i.nrf_twim_errorsrc_get_and_clear  nrf_drv_twi.o
    0x00026a30   0x0000000e   Code   RO         3812    i.nrf_twim_event_check  nrf_drv_twi.o
    0x00026a3e   0x0000000e   Code   RO         3813    i.nrf_twim_event_clear  nrf_drv_twi.o
    0x00026a4c   0x00000006   Code   RO         3814    i.nrf_twim_int_disable  nrf_drv_twi.o
    0x00026a52   0x00000006   Code   RO         3815    i.nrf_twim_int_enable  nrf_drv_twi.o
    0x00026a58   0x0000000c   Code   RO         3816    i.nrf_twim_rx_buffer_set  nrf_drv_twi.o
    0x00026a64   0x0000000a   Code   RO         3817    i.nrf_twim_rxd_amount_get  nrf_drv_twi.o
    0x00026a6e   0x00000006   Code   RO         3818    i.nrf_twim_shorts_set  nrf_drv_twi.o
    0x00026a74   0x00000006   Code   RO         3819    i.nrf_twim_task_trigger  nrf_drv_twi.o
    0x00026a7a   0x0000000c   Code   RO         3820    i.nrf_twim_tx_buffer_set  nrf_drv_twi.o
    0x00026a86   0x0000000a   Code   RO         3821    i.nrf_twim_txd_amount_get  nrf_drv_twi.o
    0x00026a90   0x00000058   Code   RO           24    i.on_adv_evt        main.o
    0x00026ae8   0x000001f8   Code   RO           25    i.on_ble_evt        main.o
    0x00026ce0   0x00000030   Code   RO         3550    i.on_cccd_write     ble_hts.o
    0x00026d10   0x00000040   Code   RO           26    i.on_conn_params_evt  main.o
    0x00026d50   0x00000018   Code   RO         1542    i.on_conn_params_update  ble_conn_params.o
    0x00026d68   0x00000006   Code   RO          789    i.on_connect        ble_dfu.o
    0x00026d6e   0x00000002   PAD
    0x00026d70   0x00000038   Code   RO         1543    i.on_connect        ble_conn_params.o
    0x00026da8   0x00000006   Code   RO         3438    i.on_connect        ble_bas.o
    0x00026dae   0x00000006   Code   RO         3551    i.on_connect        ble_hts.o
    0x00026db4   0x00000014   Code   RO         1418    i.on_connected      ble_advertising.o
    0x00026dc8   0x0000007a   Code   RO          790    i.on_ctrlpt_write   ble_dfu.o
    0x00026e42   0x00000002   PAD
    0x00026e44   0x0000005c   Code   RO          791    i.on_disconnect     ble_dfu.o
    0x00026ea0   0x00000040   Code   RO         1544    i.on_disconnect     ble_conn_params.o
    0x00026ee0   0x00000008   Code   RO         3439    i.on_disconnect     ble_bas.o
    0x00026ee8   0x00000008   Code   RO         3552    i.on_disconnect     ble_hts.o
    0x00026ef0   0x0000003c   Code   RO         1419    i.on_disconnected   ble_advertising.o
    0x00026f2c   0x00000020   Code   RO           27    i.on_hts_evt        main.o
    0x00026f4c   0x00000020   Code   RO         3553    i.on_hvc            ble_hts.o
    0x00026f6c   0x0000002c   Code   RO         5433    i.on_operation_failure  fstorage.o
    0x00026f98   0x00000078   Code   RO         5434    i.on_operation_success  fstorage.o
    0x00027010   0x0000003e   Code   RO          792    i.on_rw_authorize_req  ble_dfu.o
    0x0002704e   0x00000002   PAD
    0x00027050   0x00000038   Code   RO         1420    i.on_timeout        ble_advertising.o
    0x00027088   0x00000042   Code   RO          793    i.on_write          ble_dfu.o
    0x000270ca   0x00000002   PAD
    0x000270cc   0x0000004c   Code   RO         1545    i.on_write          ble_conn_params.o
    0x00027118   0x00000040   Code   RO         3440    i.on_write          ble_bas.o
    0x00027158   0x0000001a   Code   RO         3554    i.on_write          ble_hts.o
    0x00027172   0x00000002   PAD
    0x00027174   0x000000a4   Code   RO         5045    i.op_enqueue        fds.o
    0x00027218   0x00000040   Code   RO         5046    i.page_from_record  fds.o
    0x00027258   0x0000002c   Code   RO         5047    i.page_has_space    fds.o
    0x00027284   0x0000002c   Code   RO         5048    i.page_identify     fds.o
    0x000272b0   0x0000001e   Code   RO         5049    i.page_is_erased    fds.o
    0x000272ce   0x00000012   Code   RO         5050    i.page_offsets_update  fds.o
    0x000272e0   0x00000068   Code   RO         5051    i.page_scan         fds.o
    0x00027348   0x00000020   Code   RO         5052    i.page_tag_write_data  fds.o
    0x00027368   0x00000024   Code   RO         5053    i.page_tag_write_swap  fds.o
    0x0002738c   0x00000130   Code   RO         5054    i.pages_init        fds.o
    0x000274bc   0x00000084   Code   RO         3161    i.pairing_failure   security_dispatcher.o
    0x00027540   0x00000048   Code   RO         3304    i.params_reply_pending_process  security_manager.o
    0x00027588   0x00000020   Code   RO         2501    i.pdb_evt_send      peer_database.o
    0x000275a8   0x00000044   Code   RO         2502    i.pdb_init          peer_database.o
    0x000275ec   0x0000000c   Code   RO         2504    i.pdb_next_deleted_peer_id_get  peer_database.o
    0x000275f8   0x0000000c   Code   RO         2505    i.pdb_next_peer_id_get  peer_database.o
    0x00027604   0x000001bc   Code   RO         2506    i.pdb_pds_evt_handler  peer_database.o
    0x000277c0   0x00000008   Code   RO         2507    i.pdb_peer_allocate  peer_database.o
    0x000277c8   0x00000016   Code   RO         2509    i.pdb_peer_data_ptr_get  peer_database.o
    0x000277de   0x00000058   Code   RO         2510    i.pdb_peer_free     peer_database.o
    0x00027836   0x00000016   Code   RO         2511    i.pdb_raw_store     peer_database.o
    0x0002784c   0x00000134   Code   RO         2512    i.pdb_write_buf_get  peer_database.o
    0x00027980   0x00000036   Code   RO         2513    i.pdb_write_buf_release  peer_database.o
    0x000279b6   0x00000002   PAD
    0x000279b8   0x00000104   Code   RO         2514    i.pdb_write_buf_store  peer_database.o
    0x00027abc   0x00000078   Code   RO         2515    i.pdb_write_buf_store_prepare  peer_database.o
    0x00027b34   0x00000020   Code   RO         2334    i.pds_evt_send      peer_data_storage.o
    0x00027b54   0x00000038   Code   RO         2335    i.pds_init          peer_data_storage.o
    0x00027b8c   0x0000000c   Code   RO         2336    i.pds_next_deleted_peer_id_get  peer_data_storage.o
    0x00027b98   0x0000000c   Code   RO         2337    i.pds_next_peer_id_get  peer_data_storage.o
    0x00027ba4   0x0000005c   Code   RO         2340    i.pds_peer_data_iterate  peer_data_storage.o
    0x00027c00   0x00000010   Code   RO         2341    i.pds_peer_data_iterate_prepare  peer_data_storage.o
    0x00027c10   0x00000088   Code   RO         2342    i.pds_peer_data_read  peer_data_storage.o
    0x00027c98   0x000000ba   Code   RO         2343    i.pds_peer_data_store  peer_data_storage.o
    0x00027d52   0x0000000c   Code   RO         2344    i.pds_peer_id_allocate  peer_data_storage.o
    0x00027d5e   0x0000001e   Code   RO         2345    i.pds_peer_id_free  peer_data_storage.o
    0x00027d7c   0x0000000c   Code   RO         2346    i.pds_peer_id_is_allocated  peer_data_storage.o
    0x00027d88   0x0000003c   Code   RO         2347    i.pds_space_reserve  peer_data_storage.o
    0x00027dc4   0x00000014   Code   RO         2348    i.pds_space_reserve_cancel  peer_data_storage.o
    0x00027dd8   0x0000001c   Code   RO         2516    i.peer_data_const_point_to_buffer  peer_database.o
    0x00027df4   0x000000a4   Code   RO         2349    i.peer_data_delete  peer_data_storage.o
    0x00027e98   0x00000040   Code   RO         2350    i.peer_data_find    peer_data_storage.o
    0x00027ed8   0x00000022   Code   RO         2351    i.peer_data_id_is_valid  peer_data_storage.o
    0x00027efa   0x0000000a   Code   RO         2352    i.peer_data_id_to_record_key  peer_data_storage.o
    0x00027f04   0x0000001a   Code   RO         2517    i.peer_data_point_to_buffer  peer_database.o
    0x00027f1e   0x00000002   PAD
    0x00027f20   0x00000014   Code   RO         2681    i.peer_id_allocate  peer_id.o
    0x00027f34   0x0000002c   Code   RO         2682    i.peer_id_delete    peer_id.o
    0x00027f60   0x0000001c   Code   RO         2683    i.peer_id_free      peer_id.o
    0x00027f7c   0x00000014   Code   RO         2684    i.peer_id_get_next_deleted  peer_id.o
    0x00027f90   0x00000038   Code   RO         2685    i.peer_id_get_next_used  peer_id.o
    0x00027fc8   0x00000024   Code   RO         2686    i.peer_id_init      peer_id.o
    0x00027fec   0x0000001c   Code   RO         2687    i.peer_id_is_allocated  peer_id.o
    0x00028008   0x0000001c   Code   RO         2688    i.peer_id_is_deleted  peer_id.o
    0x00028024   0x00000024   Code   RO         2122    i.peer_id_set       id_manager.o
    0x00028048   0x0000000a   Code   RO         2353    i.peer_id_to_file_id  peer_data_storage.o
    0x00028052   0x00000046   Code   RO         2354    i.peer_ids_load     peer_data_storage.o
    0x00028098   0x00000130   Code   RO           28    i.peer_manager_init  main.o
    0x000281c8   0x0000001c   Code   RO         4271    i.pin_in_use_by_gpiote  nrf_drv_gpiote.o
    0x000281e4   0x00000018   Code   RO         4272    i.pin_in_use_by_port  nrf_drv_gpiote.o
    0x000281fc   0x00000020   Code   RO         4273    i.pin_in_use_by_te  nrf_drv_gpiote.o
    0x0002821c   0x0000000c   Code   RO         4274    i.pin_in_use_clear  nrf_drv_gpiote.o
    0x00028228   0x00000062   Code   RO         3053    i.pm_buffer_block_acquire  pm_buffer.o
    0x0002828a   0x0000004e   Code   RO         3054    i.pm_buffer_init    pm_buffer.o
    0x000282d8   0x00000030   Code   RO         3055    i.pm_buffer_ptr_get  pm_buffer.o
    0x00028308   0x00000028   Code   RO         3056    i.pm_buffer_release  pm_buffer.o
    0x00028330   0x00000010   Code   RO         2776    i.pm_conn_sec_config_reply  peer_manager.o
    0x00028340   0x00000124   Code   RO           29    i.pm_evt_handler    main.o
    0x00028464   0x000000be   Code   RO         2780    i.pm_gcm_evt_handler  peer_manager.o
    0x00028522   0x00000002   PAD
    0x00028524   0x00000058   Code   RO         2783    i.pm_im_evt_handler  peer_manager.o
    0x0002857c   0x000000a4   Code   RO         2784    i.pm_init           peer_manager.o
    0x00028620   0x0000001c   Code   RO         2786    i.pm_local_database_has_changed  peer_manager.o
    0x0002863c   0x00000014   Code   RO         3096    i.pm_mutex_init     pm_mutex.o
    0x00028650   0x00000020   Code   RO         3097    i.pm_mutex_lock     pm_mutex.o
    0x00028670   0x00000030   Code   RO         3098    i.pm_mutex_lock_first_available  pm_mutex.o
    0x000286a0   0x00000024   Code   RO         3099    i.pm_mutex_lock_status_get  pm_mutex.o
    0x000286c4   0x00000038   Code   RO         3100    i.pm_mutex_unlock   pm_mutex.o
    0x000286fc   0x0000002c   Code   RO         2788    i.pm_on_ble_evt     peer_manager.o
    0x00028728   0x000001c8   Code   RO         2789    i.pm_pdb_evt_handler  peer_manager.o
    0x000288f0   0x00000020   Code   RO         2800    i.pm_peer_delete    peer_manager.o
    0x00028910   0x00000050   Code   RO         2805    i.pm_peers_delete   peer_manager.o
    0x00028960   0x00000040   Code   RO         2808    i.pm_register       peer_manager.o
    0x000289a0   0x00000024   Code   RO         2810    i.pm_sec_params_set  peer_manager.o
    0x000289c4   0x000001b0   Code   RO         2811    i.pm_sm_evt_handler  peer_manager.o
    0x00028b74   0x000000d8   Code   RO         3495    i.pnp_id_encode     ble_dis.o
    0x00028c4c   0x00000030   Code   RO           30    i.power_manage      main.o
    0x00028c7c   0x00000048   Code   RO         5055    i.queue_advance     fds.o
    0x00028cc4   0x00000034   Code   RO         5435    i.queue_advance     fstorage.o
    0x00028cf8   0x00000068   Code   RO         5436    i.queue_get_next_free  fstorage.o
    0x00028d60   0x000000a4   Code   RO         5056    i.queue_process     fds.o
    0x00028e04   0x0000006c   Code   RO         5437    i.queue_process     fstorage.o
    0x00028e70   0x00000018   Code   RO         5057    i.queue_start       fds.o
    0x00028e88   0x0000002c   Code   RO         5438    i.queue_start       fstorage.o
    0x00028eb4   0x0000004c   Code   RO         1645    i.record_activate   ble_conn_state.o
    0x00028f00   0x00000088   Code   RO         5058    i.record_find       fds.o
    0x00028f88   0x00000048   Code   RO         5059    i.record_find_and_delete  fds.o
    0x00028fd0   0x0000007c   Code   RO         5060    i.record_find_by_desc  fds.o
    0x0002904c   0x00000060   Code   RO         5061    i.record_find_next  fds.o
    0x000290ac   0x00000028   Code   RO         5062    i.record_header_flag_dirty  fds.o
    0x000290d4   0x0000002c   Code   RO         5063    i.record_header_write_begin  fds.o
    0x00029100   0x00000038   Code   RO         5064    i.record_header_write_finalize  fds.o
    0x00029138   0x00000038   Code   RO         5065    i.record_header_write_id  fds.o
    0x00029170   0x00000014   Code   RO         5066    i.record_id_new     fds.o
    0x00029184   0x0000001c   Code   RO         1646    i.record_invalidate  ble_conn_state.o
    0x000291a0   0x00000006   Code   RO         2355    i.record_key_to_peer_data_id  peer_data_storage.o
    0x000291a6   0x00000018   Code   RO         2356    i.record_key_within_pm_range  peer_data_storage.o
    0x000291be   0x00000002   PAD
    0x000291c0   0x00000044   Code   RO         1647    i.record_purge_disconnected  ble_conn_state.o
    0x00029204   0x00000018   Code   RO         1648    i.record_set_disconnected  ble_conn_state.o
    0x0002921c   0x00000050   Code   RO         5067    i.record_write_chunk  fds.o
    0x0002926c   0x00000014   Code   RO         2690    i.release           peer_id.o
    0x00029280   0x0000004c   Code   RO          794    i.resp_send         ble_dfu.o
    0x000292cc   0x0000000c   Code   RO         4709    i.rtc1_compare0_set  app_timer.o
    0x000292d8   0x0000000c   Code   RO         4710    i.rtc1_counter_get  app_timer.o
    0x000292e4   0x00000018   Code   RO         4711    i.rtc1_init         app_timer.o
    0x000292fc   0x0000003c   Code   RO         4712    i.rtc1_start        app_timer.o
    0x00029338   0x00000058   Code   RO         4713    i.rtc1_stop         app_timer.o
    0x00029390   0x00000142   Code   RO          795    i.rx_char_add       ble_dfu.o
    0x000294d2   0x00000002   PAD
    0x000294d4   0x0000008c   Code   RO         5969    i.sd_nvic_EnableIRQ  softdevice_handler.o
    0x00029560   0x00000068   Code   RO         4912    i.sd_nvic_critical_region_enter  app_util_platform.o
    0x000295c8   0x0000000c   Code   RO         1873    i.sdk_mapped_flags_any_set  gatt_cache_manager.o
    0x000295d4   0x0000000c   Code   RO         3305    i.sdk_mapped_flags_any_set  security_manager.o
    0x000295e0   0x00000076   Code   RO         5601    i.sdk_mapped_flags_bulk_update_by_key  sdk_mapped_flags.o
    0x00029656   0x00000024   Code   RO         5602    i.sdk_mapped_flags_first_key_index_get  sdk_mapped_flags.o
    0x0002967a   0x00000012   Code   RO         5603    i.sdk_mapped_flags_get_by_index  sdk_mapped_flags.o
    0x0002968c   0x0000002e   Code   RO         5604    i.sdk_mapped_flags_get_by_key  sdk_mapped_flags.o
    0x000296ba   0x00000042   Code   RO         5605    i.sdk_mapped_flags_key_list_get  sdk_mapped_flags.o
    0x000296fc   0x0000001a   Code   RO         5607    i.sdk_mapped_flags_update_by_key  sdk_mapped_flags.o
    0x00029716   0x000000d8   Code   RO         3162    i.sec_info_request_process  security_dispatcher.o
    0x000297ee   0x0000001a   Code   RO         3163    i.sec_params_request_process  security_dispatcher.o
    0x00029808   0x000000e8   Code   RO         3306    i.sec_params_verify  security_manager.o
    0x000298f0   0x0000005c   Code   RO         3164    i.sec_proc_start    security_dispatcher.o
    0x0002994c   0x00000034   Code   RO         3165    i.sec_request_process  security_dispatcher.o
    0x00029980   0x00000024   Code   RO         3166    i.sec_start_send    security_dispatcher.o
    0x000299a4   0x0000001e   Code   RO         3307    i.send_config_req   security_manager.o
    0x000299c2   0x0000005c   Code   RO         5439    i.send_event        fstorage.o
    0x00029a1e   0x00000002   PAD
    0x00029a20   0x00000048   Code   RO           31    i.sensor_simulator_init  main.o
    0x00029a68   0x00000018   Code   RO         5659    i.sensorsim_init    sensorsim.o
    0x00029a80   0x0000006c   Code   RO         1874    i.service_changed_pending_flags_check  gatt_cache_manager.o
    0x00029aec   0x00000050   Code   RO         2012    i.service_changed_pending_set  gatts_cache_manager.o
    0x00029b3c   0x000000b8   Code   RO         1875    i.service_changed_send_in_evt  gatt_cache_manager.o
    0x00029bf4   0x00000096   Code   RO         1310    i.service_data_encode  ble_advdata.o
    0x00029c8a   0x00000002   PAD
    0x00029c8c   0x00000290   Code   RO           32    i.services_init     main.o
    0x00029f1c   0x00000020   Code   RO         1421    i.set_adv_mode_directed  ble_advertising.o
    0x00029f3c   0x0000002c   Code   RO         1422    i.set_adv_mode_directed_slow  ble_advertising.o
    0x00029f68   0x00000060   Code   RO         1423    i.set_adv_mode_fast  ble_advertising.o
    0x00029fc8   0x00000060   Code   RO         1424    i.set_adv_mode_slow  ble_advertising.o
    0x0002a028   0x00000060   Code   RO           33    i.sleep_mode_enter  main.o
    0x0002a088   0x00000018   Code   RO         3308    i.sm_ble_evt_handler  security_manager.o
    0x0002a0a0   0x00000024   Code   RO         3309    i.sm_conn_sec_config_reply  security_manager.o
    0x0002a0c4   0x00000064   Code   RO         3310    i.sm_init           security_manager.o
    0x0002a128   0x00000060   Code   RO         3313    i.sm_pdb_evt_handler  security_manager.o
    0x0002a188   0x00000038   Code   RO         3315    i.sm_sec_params_set  security_manager.o
    0x0002a1c0   0x000000a4   Code   RO         3316    i.sm_smd_evt_handler  security_manager.o
    0x0002a264   0x00000058   Code   RO         3167    i.smd_ble_evt_handler  security_dispatcher.o
    0x0002a2bc   0x0000004c   Code   RO         3168    i.smd_init          security_dispatcher.o
    0x0002a308   0x00000038   Code   RO         3169    i.smd_link_secure   security_dispatcher.o
    0x0002a340   0x00000120   Code   RO         3170    i.smd_params_reply  security_dispatcher.o
    0x0002a460   0x00000090   Code   RO         3317    i.smd_params_reply_perform  security_manager.o
    0x0002a4f0   0x00000034   Code   RO         3171    i.smd_pdb_evt_handler  security_dispatcher.o
    0x0002a524   0x00000018   Code   RO         5970    i.softdevice_ble_evt_handler_set  softdevice_handler.o
    0x0002a53c   0x00000028   Code   RO         5971    i.softdevice_enable  softdevice_handler.o
    0x0002a564   0x0000002c   Code   RO         5972    i.softdevice_enable_get_default_config  softdevice_handler.o
    0x0002a590   0x00000014   Code   RO         5973    i.softdevice_fault_handler  softdevice_handler.o
    0x0002a5a4   0x0000009c   Code   RO         5974    i.softdevice_handler_init  softdevice_handler.o
    0x0002a640   0x0000000c   Code   RO         5975    i.softdevice_handler_is_enabled  softdevice_handler.o
    0x0002a64c   0x00000018   Code   RO         5980    i.softdevice_sys_evt_handler_set  softdevice_handler.o
    0x0002a664   0x0000000e   Code   RO         1311    i.srdata_check      ble_advdata.o
    0x0002a672   0x00000026   Code   RO         1204    i.startup_event_extract  bsp_btn_ble.o
    0x0002a698   0x00000032   Code   RO         5440    i.store_execute     fstorage.o
    0x0002a6ca   0x00000012   Code   RO           34    i.sys_evt_dispatch  main.o
    0x0002a6dc   0x000000d4   Code   RO         3496    i.sys_id_encode     ble_dis.o
    0x0002a7b0   0x00000040   Code   RO           35    i.temperature_measurement_send  main.o
    0x0002a7f0   0x0000000a   Code   RO         4714    i.ticks_diff_get    app_timer.o
    0x0002a7fa   0x00000002   PAD
    0x0002a7fc   0x00000078   Code   RO         4715    i.timeout_handler_exec  app_timer.o
    0x0002a874   0x00000054   Code   RO         4716    i.timer_list_handler  app_timer.o
    0x0002a8c8   0x0000000a   Code   RO         4717    i.timer_list_handler_sched  app_timer.o
    0x0002a8d2   0x00000002   PAD
    0x0002a8d4   0x00000068   Code   RO         4718    i.timer_list_insert  app_timer.o
    0x0002a93c   0x0000006c   Code   RO         4719    i.timer_list_remove  app_timer.o
    0x0002a9a8   0x0000005e   Code   RO         4720    i.timer_start_op_schedule  app_timer.o
    0x0002aa06   0x00000042   Code   RO         4721    i.timer_stop_op_schedule  app_timer.o
    0x0002aa48   0x00000098   Code   RO         4722    i.timer_timeouts_check  app_timer.o
    0x0002aae0   0x0000000a   Code   RO         4723    i.timer_timeouts_check_sched  app_timer.o
    0x0002aaea   0x00000002   PAD
    0x0002aaec   0x00000070   Code   RO           36    i.timers_init       main.o
    0x0002ab5c   0x00000098   Code   RO         3822    i.twi_clear_bus     nrf_drv_twi.o
    0x0002abf4   0x00000018   Code   RO          479    i.twi_handler       max30205.o
    0x0002ac0c   0x00000024   Code   RO         3823    i.twi_process_error  nrf_drv_twi.o
    0x0002ac30   0x000002a4   Code   RO         3824    i.twim_xfer         nrf_drv_twi.o
    0x0002aed4   0x00000036   Code   RO         1312    i.tx_power_level_encode  ble_advdata.o
    0x0002af0a   0x0000000c   Code   RO         1798    i.uint16_decode     ble_srv_common.o
    0x0002af16   0x0000000c   Code   RO         1313    i.uint16_encode     ble_advdata.o
    0x0002af22   0x0000000c   Code   RO         3497    i.uint16_encode     ble_dis.o
    0x0002af2e   0x00000002   PAD
    0x0002af30   0x00000058   Code   RO         1876    i.update_pending_flags_check  gatt_cache_manager.o
    0x0002af88   0x00000090   Code   RO         1546    i.update_timeout_handler  ble_conn_params.o
    0x0002b018   0x00000014   Code   RO         1649    i.user_flag_acquire  ble_conn_state.o
    0x0002b02c   0x0000001c   Code   RO         1650    i.user_flag_is_acquired  ble_conn_state.o
    0x0002b048   0x0000003c   Code   RO         4724    i.user_op_alloc     app_timer.o
    0x0002b084   0x0000000c   Code   RO         4725    i.user_op_enque     app_timer.o
    0x0002b090   0x0000004e   Code   RO         1314    i.uuid_list_encode  ble_advdata.o
    0x0002b0de   0x000000dc   Code   RO         1315    i.uuid_list_sized_encode  ble_advdata.o
    0x0002b1ba   0x00000002   PAD
    0x0002b1bc   0x00000018   Code   RO          894    i.wait_for_pending  nrf_dfu_settings.o
    0x0002b1d4   0x00000012   Code   RO          895    i.wait_for_queue    nrf_dfu_settings.o
    0x0002b1e6   0x00000002   PAD
    0x0002b1e8   0x0000000c   Code   RO         1425    i.whitelist_has_entries  ble_advertising.o
    0x0002b1f4   0x00000038   Code   RO         2518    i.write_buf_length_words_set  peer_database.o
    0x0002b22c   0x00000032   Code   RO         2519    i.write_buffer_record_find  peer_database.o
    0x0002b25e   0x00000002   PAD
    0x0002b260   0x00000030   Code   RO         2520    i.write_buffer_record_find_next  peer_database.o
    0x0002b290   0x0000000e   Code   RO         2521    i.write_buffer_record_find_unused  peer_database.o
    0x0002b29e   0x00000024   Code   RO         2522    i.write_buffer_record_get  peer_database.o
    0x0002b2c2   0x0000002e   Code   RO         2523    i.write_buffer_record_invalidate  peer_database.o
    0x0002b2f0   0x00000028   Code   RO         2524    i.write_buffer_record_release  peer_database.o
    0x0002b318   0x00000104   Code   RO         5068    i.write_enqueue     fds.o
    0x0002b41c   0x000000b8   Code   RO         5069    i.write_execute     fds.o
    0x0002b4d4   0x0000001c   Code   RO         5070    i.write_space_free  fds.o
    0x0002b4f0   0x0000006c   Code   RO         5071    i.write_space_reserve  fds.o
    0x0002b55c   0x0000000a   Code   RO         6306    x$fpl$fpinit        fz_wm.l(fpinit.o)
    0x0002b566   0x00000002   PAD
    0x0002b568   0x00000008   Data   RO           38    .constdata          main.o
    0x0002b570   0x00000018   Data   RO          481    .constdata          max30205.o
    0x0002b588   0x00000009   Data   RO          587    .constdata          battery.o
    0x0002b591   0x00000003   PAD
    0x0002b594   0x00000010   Data   RO          796    .constdata          ble_dfu.o
    0x0002b5a4   0x00000008   Data   RO          982    .constdata          boards.o
    0x0002b5ac   0x0000002c   Data   RO         1096    .constdata          bsp.o
    0x0002b5d8   0x00000004   Data   RO         1548    .constdata          ble_conn_params.o
    0x0002b5dc   0x00000018   Data   RO         2013    .constdata          gatts_cache_manager.o
    0x0002b5f4   0x00000008   Data   RO         2125    .constdata          id_manager.o
    0x0002b5fc   0x00000004   Data   RO         2357    .constdata          peer_data_storage.o
    0x0002b600   0x00000014   Data   RO         2526    .constdata          peer_database.o
    0x0002b614   0x00000044   Data   RO         3173    .constdata          security_dispatcher.o
    0x0002b658   0x00000004   Data   RO         3318    .constdata          security_manager.o
    0x0002b65c   0x000000bd   Data   RO         3661    .constdata          nrf_drv_saadc.o
    0x0002b719   0x00000003   PAD
    0x0002b71c   0x00000038   Data   RO         3826    .constdata          nrf_drv_twi.o
    0x0002b754   0x00000047   Data   RO         4276    .constdata          nrf_drv_gpiote.o
    0x0002b79b   0x00000001   PAD
    0x0002b79c   0x00000008   Data   RO         4571    .constdata          app_button.o
    0x0002b7a4   0x00000014   Data   RO         5073    .constdata          fds.o
    0x0002b7b8   0x00000049   Data   RO          898    .conststring        nrf_dfu_settings.o
    0x0002b801   0x00000003   PAD
    0x0002b804   0x00000057   Data   RO         5981    .conststring        softdevice_handler.o
    0x0002b85b   0x00000001   PAD
    0x0002b85c   0x00000020   Data   RO         6374    Region$$Table       anon$$obj.o


    Execution Region RW_IRAM1 (Base: 0x20002138, Size: 0x00004f30, Max: 0x0000dec8, ABSOLUTE, COMPRESSED[0x00000064])

    Base Addr    Size         Type   Attr      Idx    E Section Name        Object

    0x20002138   0x0000003c   Data   RW           39    .data               main.o
    0x20002174   0x00000006   Data   RW          482    .data               max30205.o
    0x2000217a   0x00000002   PAD
    0x2000217c   0x0000003c   Data   RW          588    .data               battery.o
    0x200021b8   0x00000004   Data   RW          683    .data               nrf_dfu_flash_buttonless.o
    0x200021bc   0x00000004   Data   RW          797    .data               ble_dfu.o
    0x200021c0   0x00000008   Data   RW          899    .data               nrf_dfu_settings.o
    0x200021c8   0x00000015   Data   RW         1097    .data               bsp.o
    0x200021dd   0x00000003   PAD
    0x200021e0   0x00000008   Data   RW         1205    .data               bsp_btn_ble.o
    0x200021e8   0x0000001f   Data   RW         1427    .data               ble_advertising.o
    0x20002207   0x00000001   PAD
    0x20002208   0x00000015   Data   RW         1549    .data               ble_conn_params.o
    0x2000221d   0x00000003   PAD
    0x20002220   0x00000009   Data   RW         1877    .data               gatt_cache_manager.o
    0x20002229   0x00000003   PAD
    0x2000222c   0x0000000a   Data   RW         2014    .data               gatts_cache_manager.o
    0x20002236   0x00000003   Data   RW         2126    .data               id_manager.o
    0x20002239   0x00000003   PAD
    0x2000223c   0x0000000c   Data   RW         2358    .data               peer_data_storage.o
    0x20002248   0x00000009   Data   RW         2527    .data               peer_database.o
    0x20002251   0x00000003   PAD
    0x20002254   0x00000011   Data   RW         2817    .data               peer_manager.o
    0x20002265   0x00000004   Data   RW         3174    .data               security_dispatcher.o
    0x20002269   0x00000003   PAD
    0x2000226c   0x00000013   Data   RW         3319    .data               security_manager.o
    0x2000227f   0x00000001   PAD
    0x20002280   0x0000004a   Data   RW         3498    .data               ble_dis.o
    0x200022ca   0x00000002   PAD
    0x200022cc   0x00000014   Data   RW         4572    .data               app_button.o
    0x200022e0   0x00000022   Data   RW         4726    .data               app_timer.o
    0x20002302   0x00000002   PAD
    0x20002304   0x00000018   Data   RW         5074    .data               fds.o
    0x2000231c   0x00000002   Data   RW         5442    .data               fstorage.o
    0x2000231e   0x00000002   PAD
    0x20002320   0x0000000e   Data   RW         5722    .data               app_scheduler.o
    0x2000232e   0x00000002   PAD
    0x20002330   0x00000018   Data   RW         5982    .data               softdevice_handler.o
    0x20002348   0x00000004   Data   RW         6130    .data               system_nrf52.o
    0x2000234c   0x00000010   Data   RW          684    fs_data             nrf_dfu_flash_buttonless.o
    0x2000235c   0x00000010   Data   RW         5075    fs_data             fds.o
    0x2000236c   0x00000154   Zero   RW           37    .bss                main.o
    0x200024c0   0x00000040   Zero   RW          480    .bss                max30205.o
    0x20002500   0x000002b8   Zero   RW          897    .bss                nrf_dfu_settings.o
    0x200027b8   0x0000006c   Zero   RW         1095    .bss                bsp.o
    0x20002824   0x000000b3   Zero   RW         1426    .bss                ble_advertising.o
    0x200028d7   0x00000001   PAD
    0x200028d8   0x0000003c   Zero   RW         1547    .bss                ble_conn_params.o
    0x20002914   0x00000034   Zero   RW         1651    .bss                ble_conn_state.o
    0x20002948   0x00000070   Zero   RW         2124    .bss                id_manager.o
    0x200029b8   0x00000330   Zero   RW         2525    .bss                peer_database.o
    0x20002ce8   0x00000040   Zero   RW         2691    .bss                peer_id.o
    0x20002d28   0x0000000c   Zero   RW         2815    .bss                peer_manager.o
    0x20002d34   0x00000040   Zero   RW         3172    .bss                security_dispatcher.o
    0x20002d74   0x00000030   Zero   RW         3660    .bss                nrf_drv_saadc.o
    0x20002da4   0x00000028   Zero   RW         3825    .bss                nrf_drv_twi.o
    0x20002dcc   0x00000014   Zero   RW         4029    .bss                nrf_drv_clock.o
    0x20002de0   0x00000058   Zero   RW         4275    .bss                nrf_drv_gpiote.o
    0x20002e38   0x00000020   Zero   RW         4570    .bss                app_button.o
    0x20002e58   0x00000020   Zero   RW         4629    .bss                app_error.o
    0x20002e78   0x0000000c   Zero   RW         4913    .bss                app_util_platform.o
    0x20002e84   0x0000011c   Zero   RW         5072    .bss                fds.o
    0x20002fa0   0x00000068   Zero   RW         5441    .bss                fstorage.o
    0x20003008   0x00000060   Zero   RW         6248    .bss                c_w.l(libspace.o)
    0x20003068   0x00002000   Zero   RW         6110    HEAP                arm_startup_nrf52.o
    0x20005068   0x00002000   Zero   RW         6109    STACK               arm_startup_nrf52.o



  Load Region LR$$.ARM.__AT_0x0007F000 (Base: 0x0007f000, Size: 0x00000000, Max: 0x00001000, ABSOLUTE)

    Execution Region ER$$.ARM.__AT_0x0007F000 (Base: 0x0007f000, Size: 0x00001000, Max: 0x00001000, ABSOLUTE, UNINIT)

    Base Addr    Size         Type   Attr      Idx    E Section Name        Object

    0x0007f000   0x00001000   Zero   RW          896    .ARM.__AT_0x0007F000  nrf_dfu_settings.o


==============================================================================

Image component sizes


      Code (inc. data)   RO Data    RW Data    ZI Data      Debug   Object Name

       480         80          8         20         32      10466   app_button.o
       168          4          0          0         32       4278   app_error.o
        20          0          0          0          0        818   app_error_weak.o
       140         26          0         14          0       3392   app_scheduler.o
      2384        322          0         34          0      71571   app_timer.o
       200         24          0          0         12      10642   app_util_platform.o
        64         26       1024          0      16384       1012   arm_startup_nrf52.o
       758         64          9         60          0      45183   battery.o
      1818          0          0          0          0      34828   ble_advdata.o
      1520        242          0         31        179      20129   ble_advertising.o
       828          0          0          0          0       8327   ble_bas.o
       706        120          4         21         60       9488   ble_conn_params.o
       728        132          0          0         52      15598   ble_conn_state.o
      1072         28         16          4          0      45606   ble_dfu.o
      1168        238          0         74          0       7603   ble_dis.o
      1086          0          0          0          0      31159   ble_hts.o
       190         60          0          0          0      20634   ble_srv_common.o
       406         30          8          0          0      13474   boards.o
      1426        130         44         21        108      18608   bsp.o
       370         18          0          8          0      10908   bsp_btn_ble.o
        76          6          0          0          0       1548   crc32.o
      4840        434         20         40        284      60134   fds.o
      1300         86          0          2        104      16486   fstorage.o
      1388         96          0          9          0      25976   gatt_cache_manager.o
       686         46         24         10          0      12291   gatts_cache_manager.o
      1360         72          8          3        112      21907   id_manager.o
      4278        624          8         60        340     150881   main.o
       470         88         24          6         64      22307   max30205.o
       292         28          0         20          0      64061   nrf_dfu_flash_buttonless.o
       522         70         73          8       4792       9193   nrf_dfu_settings.o
       358         34          0          0         20      14084   nrf_drv_clock.o
        96         12          0          0          0      27703   nrf_drv_common.o
      1630        104         71          0         88      36090   nrf_drv_gpiote.o
      1488         90        189          0         48      53603   nrf_drv_saadc.o
      2142         66         56          0         40      38547   nrf_drv_twi.o
       112          4          0          0          0       6805   nrf_saadc.o
         0          0          0          0          0       2436   peer_data.o
      1408         50          4         12          0      21552   peer_data_storage.o
      1826         70         20          9        816      26267   peer_database.o
       420         44          0          0         64      10235   peer_id.o
      1714        156          0         17         12      16932   peer_manager.o
       264          0          0          0          0       4567   pm_buffer.o
       244          0          0          0          0       5757   pm_mutex.o
       310          0          0          0          0       6656   sdk_mapped_flags.o
      2182        100         68          4         64      25036   security_dispatcher.o
      1562        168          4         19          0      19040   security_manager.o
        24          0          0          0          0       1885   sensorsim.o
       814        104         87         24          0      44608   softdevice_handler.o
      1172        118          0          4          0       7575   system_nrf52.o

    ----------------------------------------------------------------------
     48620       4214       1812        564      23708    1137886   Object Totals
         0          0         32          0          0          0   (incl. Generated)
       110          0         11         30          1          0   (incl. Padding)

    ----------------------------------------------------------------------

      Code (inc. data)   RO Data    RW Data    ZI Data      Debug   Library Member Name

        90          0          0          0          0          0   __dczerorl2.o
         8          0          0          0          0         68   __main.o
         0          0          0          0          0          0   __rtentry.o
        12          0          0          0          0          0   __rtentry2.o
         6          0          0          0          0          0   __rtentry4.o
        52          8          0          0          0          0   __scatter.o
        28          0          0          0          0          0   __scatter_zi.o
        18          0          0          0          0         80   exit.o
         6          0          0          0          0        152   heapauxi.o
         0          0          0          0          0          0   indicate_semi.o
         2          0          0          0          0          0   libinit.o
         6          0          0          0          0          0   libinit2.o
         2          0          0          0          0          0   libshutdown.o
         2          0          0          0          0          0   libshutdown2.o
         8          4          0          0         96         68   libspace.o
        88          0          0          0          0         76   memcmp.o
        68          0          0          0          0         68   rt_memclr.o
        78          0          0          0          0         80   rt_memclr_w.o
       138          0          0          0          0         68   rt_memcpy_v6.o
       100          0          0          0          0         80   rt_memcpy_w.o
         2          0          0          0          0          0   rtexit.o
        10          0          0          0          0          0   rtexit2.o
        62          0          0          0          0         76   strlen.o
        12          4          0          0          0         68   sys_exit.o
        74          0          0          0          0         80   sys_stackheap_outer.o
         2          0          0          0          0         68   use_no_semi.o
        10          0          0          0          0        116   fpinit.o

    ----------------------------------------------------------------------
       892         16          0          0         96       1148   Library Totals
         8          0          0          0          0          0   (incl. Padding)

    ----------------------------------------------------------------------

      Code (inc. data)   RO Data    RW Data    ZI Data      Debug   Library Name

       874         16          0          0         96       1032   c_w.l
        10          0          0          0          0        116   fz_wm.l

    ----------------------------------------------------------------------
       892         16          0          0         96       1148   Library Totals

    ----------------------------------------------------------------------

==============================================================================


      Code (inc. data)   RO Data    RW Data    ZI Data      Debug   

     49512       4230       1812        564      23804    1079766   Grand Totals
     49512       4230       1812        100      23804    1079766   ELF Image Totals (compressed)
     49512       4230       1812        100          0          0   ROM Totals

==============================================================================

    Total RO  Size (Code + RO Data)                51324 (  50.12kB)
    Total RW  Size (RW Data + ZI Data)             24368 (  23.80kB)
    Total ROM Size (Code + RO Data + RW Data)      51424 (  50.22kB)

==============================================================================

