<html>
<body>
<pre>
<h1>礦ision Build Log</h1>
<h2>Tool Versions:</h2>
IDE-Version: μVision V5.23.0.0
Copyright (C) 2017 ARM Ltd and ARM Germany GmbH. All rights reserved.
License Information: Z id1, Z, LIC=CRMLQ-NQIYR-ZC9JY-I5TW9-ASN4K-V5YB1
 
Tool Versions:
Toolchain:       MDK-ARM Professional  Version: 5.23
Toolchain Path:  C:\Keil_v5\ARM\ARMCC\Bin
C Compiler:      Armcc.exe V5.06 update 4 (build 422)
Assembler:       Armasm.exe V5.06 update 4 (build 422)
Linker/Locator:  ArmLink.exe V5.06 update 4 (build 422)
Library Manager: ArmAr.exe V5.06 update 4 (build 422)
Hex Converter:   FromElf.exe V5.06 update 4 (build 422)
CPU DLL:         
Dialog DLL:      
Target DLL:      Segger\JL2CM3.dll V2.99.23.0
Dialog DLL:      TCM.DLL V1.27.0.0
 
<h2>Project:</h2>
C:\Users\id1\Desktop\蓝牙项目工程\healthmeDFU\AS001\AS001\hl_temperature_mod\examples\ble_peripheral\ble_app_hts\pca10040\s132\arm5_no_packs\ble_app_hts_pca10040_s132.uvprojx
Project File Date:  04/26/2018

<h2>Output:</h2>
*** Using Compiler 'V5.06 update 4 (build 422)', folder: 'C:\Keil_v5\ARM\ARMCC\Bin'
Rebuild target 'nrf52832_xxaa'
compiling boards.c...
compiling bsp.c...
compiling max30205.c...
compiling battery.c...
..\..\..\battery.c(11): warning:  #177-D: variable "battery_tbl"  was declared but never referenced
  static uint32_t battery_tbl[11] = {4800,4700,4600,4500,4400,4300,4200,4100,4000,3900,3800};
..\..\..\battery.c(16): warning:  #177-D: variable "battery_lev"  was declared but never referenced
  static uint32_t battery_lev = 0,battery_val;
..\..\..\battery.c: 2 warnings, 0 errors
compiling nrf_dfu_settings.c...
compiling ble_dfu.c...
compiling nrf_dfu_flash_buttonless.c...
compiling main.c...
..\..\..\main.c(149): warning:  #550-D: variable "no_power_send"  was set but never used
  static uint16_t no_power_send = 0;	
..\..\..\main.c: 1 warning, 0 errors
compiling bsp_nfc.c...
compiling ble_conn_params.c...
compiling ble_conn_state.c...
compiling bsp_btn_ble.c...
compiling ble_advertising.c...
compiling ble_srv_common.c...
compiling ble_advdata.c...
compiling gatt_cache_manager.c...
compiling pm_buffer.c...
compiling peer_id.c...
compiling gatts_cache_manager.c...
compiling peer_data.c...
compiling id_manager.c...
compiling peer_data_storage.c...
compiling peer_database.c...
compiling peer_manager.c...
compiling ble_hts.c...
compiling pm_mutex.c...
compiling ble_dis.c...
compiling ble_bas.c...
compiling security_dispatcher.c...
compiling nrf_drv_saadc.c...
compiling nrf_drv_twi.c...
compiling security_manager.c...
compiling nrf_drv_uart.c...
compiling nrf_saadc.c...
compiling app_error_weak.c...
compiling app_error.c...
compiling nrf_drv_common.c...
compiling app_button.c...
compiling nrf_drv_gpiote.c...
compiling nrf_drv_clock.c...
compiling sdk_errors.c...
compiling fstorage.c...
compiling app_util_platform.c...
compiling crc16.c...
compiling nrf_assert.c...
compiling sensorsim.c...
compiling hardfault_implementation.c...
compiling RTT_Syscalls_KEIL.c...
compiling sdk_mapped_flags.c...
compiling app_timer.c...
compiling SEGGER_RTT_printf.c...
compiling fds.c...
assembling arm_startup_nrf52.s...
compiling nrf_log_backend_serial.c...
compiling nrf_log_frontend.c...
compiling crc32.c...
compiling system_nrf52.c...
compiling SEGGER_RTT.c...
compiling app_scheduler.c...
compiling softdevice_handler.c...
linking...
Program Size: Code=49512 RO-data=1812 RW-data=564 ZI-data=23804  
FromELF: creating hex file...
".\_build\nrf52832_xxaa.axf" - 0 Error(s), 3 Warning(s).

<h2>Software Packages used:</h2>

Package Vendor: ARM
                http://www.keil.com/pack/ARM.CMSIS.4.5.0.pack
                ARM::CMSIS:CORE:4.3.0
                CMSIS (Cortex Microcontroller Software Interface Standard)
   * Component: CORE Version: 4.3.0

Package Vendor: NordicSemiconductor
                http://developer.nordicsemi.com/nRF5_SDK/pieces/nRF_DeviceFamilyPack/NordicSemiconductor.nRF_DeviceFamilyPack.8.11.1.pack
                NordicSemiconductor::Device:Startup:8.11.1
                Nordic Semiconductor nRF ARM devices Device Family Pack.
   * Component: Startup Version: 8.11.1

<h2>Collection of Component include folders:</h2>
  .\RTE\_nrf52832_xxaa
  C:\Keil_v5\ARM\PACK\ARM\CMSIS\4.5.0\CMSIS\Include
  C:\Keil_v5\ARM\PACK\NordicSemiconductor\nRF_DeviceFamilyPack\8.11.1\Device\Include
  C:\Keil_v5\ARM\PACK\NordicSemiconductor\nRF_DeviceFamilyPack\8.16.0\Device\Include

<h2>Collection of Component Files used:</h2>

   * Component: ARM::CMSIS:CORE:4.3.0

   * Component: NordicSemiconductor::Device:Startup:8.11.1
      Source file:   Device\Source\system_nrf52.c
      Source file:   Device\Source\arm\arm_startup_nrf52.s
      Include file:  Device\Include\system_nrf52.h
Build Time Elapsed:  00:00:23
</pre>
</body>
</html>
